Archive member included to satisfy reference by file (symbol)

C:/ST/STM32CubeIDE_2.1.1/STM32CubeIDE/plugins/com.st.stm32cube.ide.mcu.externaltools.gnu-tools-for-stm32.14.3.rel1.win32_1.0.100.202602081740/tools/bin/../lib/gcc/arm-none-eabi/14.3.1/../../../../arm-none-eabi/lib/thumb/v7e-m+dp/hard\libc_nano.a(libc_a-exit.o)
                              C:/ST/STM32CubeIDE_2.1.1/STM32CubeIDE/plugins/com.st.stm32cube.ide.mcu.externaltools.gnu-tools-for-stm32.14.3.rel1.win32_1.0.100.202602081740/tools/bin/../lib/gcc/arm-none-eabi/14.3.1/../../../../arm-none-eabi/lib/thumb/v7e-m+dp/hard/crt0.o (exit)
C:/ST/STM32CubeIDE_2.1.1/STM32CubeIDE/plugins/com.st.stm32cube.ide.mcu.externaltools.gnu-tools-for-stm32.14.3.rel1.win32_1.0.100.202602081740/tools/bin/../lib/gcc/arm-none-eabi/14.3.1/../../../../arm-none-eabi/lib/thumb/v7e-m+dp/hard\libc_nano.a(libc_a-findfp.o)
                              C:/ST/STM32CubeIDE_2.1.1/STM32CubeIDE/plugins/com.st.stm32cube.ide.mcu.externaltools.gnu-tools-for-stm32.14.3.rel1.win32_1.0.100.202602081740/tools/bin/../lib/gcc/arm-none-eabi/14.3.1/../../../../arm-none-eabi/lib/thumb/v7e-m+dp/hard\libc_nano.a(libc_a-exit.o) (__stdio_exit_handler)
C:/ST/STM32CubeIDE_2.1.1/STM32CubeIDE/plugins/com.st.stm32cube.ide.mcu.externaltools.gnu-tools-for-stm32.14.3.rel1.win32_1.0.100.202602081740/tools/bin/../lib/gcc/arm-none-eabi/14.3.1/../../../../arm-none-eabi/lib/thumb/v7e-m+dp/hard\libc_nano.a(libc_a-fwalk.o)
                              C:/ST/STM32CubeIDE_2.1.1/STM32CubeIDE/plugins/com.st.stm32cube.ide.mcu.externaltools.gnu-tools-for-stm32.14.3.rel1.win32_1.0.100.202602081740/tools/bin/../lib/gcc/arm-none-eabi/14.3.1/../../../../arm-none-eabi/lib/thumb/v7e-m+dp/hard\libc_nano.a(libc_a-findfp.o) (_fwalk_sglue)
C:/ST/STM32CubeIDE_2.1.1/STM32CubeIDE/plugins/com.st.stm32cube.ide.mcu.externaltools.gnu-tools-for-stm32.14.3.rel1.win32_1.0.100.202602081740/tools/bin/../lib/gcc/arm-none-eabi/14.3.1/../../../../arm-none-eabi/lib/thumb/v7e-m+dp/hard\libc_nano.a(libc_a-stdio.o)
                              C:/ST/STM32CubeIDE_2.1.1/STM32CubeIDE/plugins/com.st.stm32cube.ide.mcu.externaltools.gnu-tools-for-stm32.14.3.rel1.win32_1.0.100.202602081740/tools/bin/../lib/gcc/arm-none-eabi/14.3.1/../../../../arm-none-eabi/lib/thumb/v7e-m+dp/hard\libc_nano.a(libc_a-findfp.o) (__sread)
C:/ST/STM32CubeIDE_2.1.1/STM32CubeIDE/plugins/com.st.stm32cube.ide.mcu.externaltools.gnu-tools-for-stm32.14.3.rel1.win32_1.0.100.202602081740/tools/bin/../lib/gcc/arm-none-eabi/14.3.1/../../../../arm-none-eabi/lib/thumb/v7e-m+dp/hard\libc_nano.a(libc_a-memset.o)
                              C:/ST/STM32CubeIDE_2.1.1/STM32CubeIDE/plugins/com.st.stm32cube.ide.mcu.externaltools.gnu-tools-for-stm32.14.3.rel1.win32_1.0.100.202602081740/tools/bin/../lib/gcc/arm-none-eabi/14.3.1/../../../../arm-none-eabi/lib/thumb/v7e-m+dp/hard/crt0.o (memset)
C:/ST/STM32CubeIDE_2.1.1/STM32CubeIDE/plugins/com.st.stm32cube.ide.mcu.externaltools.gnu-tools-for-stm32.14.3.rel1.win32_1.0.100.202602081740/tools/bin/../lib/gcc/arm-none-eabi/14.3.1/../../../../arm-none-eabi/lib/thumb/v7e-m+dp/hard\libc_nano.a(libc_a-closer.o)
                              C:/ST/STM32CubeIDE_2.1.1/STM32CubeIDE/plugins/com.st.stm32cube.ide.mcu.externaltools.gnu-tools-for-stm32.14.3.rel1.win32_1.0.100.202602081740/tools/bin/../lib/gcc/arm-none-eabi/14.3.1/../../../../arm-none-eabi/lib/thumb/v7e-m+dp/hard\libc_nano.a(libc_a-stdio.o) (_close_r)
C:/ST/STM32CubeIDE_2.1.1/STM32CubeIDE/plugins/com.st.stm32cube.ide.mcu.externaltools.gnu-tools-for-stm32.14.3.rel1.win32_1.0.100.202602081740/tools/bin/../lib/gcc/arm-none-eabi/14.3.1/../../../../arm-none-eabi/lib/thumb/v7e-m+dp/hard\libc_nano.a(libc_a-reent.o)
                              C:/ST/STM32CubeIDE_2.1.1/STM32CubeIDE/plugins/com.st.stm32cube.ide.mcu.externaltools.gnu-tools-for-stm32.14.3.rel1.win32_1.0.100.202602081740/tools/bin/../lib/gcc/arm-none-eabi/14.3.1/../../../../arm-none-eabi/lib/thumb/v7e-m+dp/hard\libc_nano.a(libc_a-closer.o) (errno)
C:/ST/STM32CubeIDE_2.1.1/STM32CubeIDE/plugins/com.st.stm32cube.ide.mcu.externaltools.gnu-tools-for-stm32.14.3.rel1.win32_1.0.100.202602081740/tools/bin/../lib/gcc/arm-none-eabi/14.3.1/../../../../arm-none-eabi/lib/thumb/v7e-m+dp/hard\libc_nano.a(libc_a-impure.o)
                              C:/ST/STM32CubeIDE_2.1.1/STM32CubeIDE/plugins/com.st.stm32cube.ide.mcu.externaltools.gnu-tools-for-stm32.14.3.rel1.win32_1.0.100.202602081740/tools/bin/../lib/gcc/arm-none-eabi/14.3.1/../../../../arm-none-eabi/lib/thumb/v7e-m+dp/hard\libc_nano.a(libc_a-reent.o) (_impure_ptr)
C:/ST/STM32CubeIDE_2.1.1/STM32CubeIDE/plugins/com.st.stm32cube.ide.mcu.externaltools.gnu-tools-for-stm32.14.3.rel1.win32_1.0.100.202602081740/tools/bin/../lib/gcc/arm-none-eabi/14.3.1/../../../../arm-none-eabi/lib/thumb/v7e-m+dp/hard\libc_nano.a(libc_a-lseekr.o)
[...]
Memory Configuration

Name             Origin             Length             Attributes
FLASH            0x08000000         0x00200000         xr
DTCMRAM          0x20000000         0x00020000         xrw
RAM_D1           0x24000000         0x00080000         xrw
RAM_D2           0x30000000         0x00048000         xrw
RAM_D3           0x38000000         0x00010000         xrw
ITCMRAM          0x00000000         0x00010000         xrw
*default*        0x00000000         0xffffffff

Linker script and memory map

LOAD C:/ST/STM32CubeIDE_2.1.1/STM32CubeIDE/plugins/com.st.stm32cube.ide.mcu.externaltools.gnu-tools-for-stm32.14.3.rel1.win32_1.0.100.202602081740/tools/bin/../lib/gcc/arm-none-eabi/14.3.1/thumb/v7e-m+dp/hard/crti.o
LOAD C:/ST/STM32CubeIDE_2.1.1/STM32CubeIDE/plugins/com.st.stm32cube.ide.mcu.externaltools.gnu-tools-for-stm32.14.3.rel1.win32_1.0.100.202602081740/tools/bin/../lib/gcc/arm-none-eabi/14.3.1/thumb/v7e-m+dp/hard/crtbegin.o
LOAD C:/ST/STM32CubeIDE_2.1.1/STM32CubeIDE/plugins/com.st.stm32cube.ide.mcu.externaltools.gnu-tools-for-stm32.14.3.rel1.win32_1.0.100.202602081740/tools/bin/../lib/gcc/arm-none-eabi/14.3.1/../../../../arm-none-eabi/lib/thumb/v7e-m+dp/hard/crt0.o
LOAD ./Core/Src/main.o
LOAD ./Core/Src/stm32h7xx_hal_msp.o
LOAD ./Core/Src/stm32h7xx_it.o
LOAD ./Core/Src/syscalls.o
LOAD ./Core/Src/sysmem.o
LOAD ./Core/Src/system_stm32h7xx.o
LOAD ./Core/Startup/startup_stm32h743iitx.o
LOAD ./Drivers/STM32H7xx_HAL_Driver/Src/stm32h7xx_hal.o
LOAD ./Drivers/STM32H7xx_HAL_Driver/Src/stm32h7xx_hal_cortex.o
LOAD ./Drivers/STM32H7xx_HAL_Driver/Src/stm32h7xx_hal_dma.o
LOAD ./Drivers/STM32H7xx_HAL_Driver/Src/stm32h7xx_hal_dma_ex.o
LOAD ./Drivers/STM32H7xx_HAL_Driver/Src/stm32h7xx_hal_exti.o
LOAD ./Drivers/STM32H7xx_HAL_Driver/Src/stm32h7xx_hal_flash.o
LOAD ./Drivers/STM32H7xx_HAL_Driver/Src/stm32h7xx_hal_flash_ex.o
LOAD ./Drivers/STM32H7xx_HAL_Driver/Src/stm32h7xx_hal_gpio.o
LOAD ./Drivers/STM32H7xx_HAL_Driver/Src/stm32h7xx_hal_hsem.o
LOAD ./Drivers/STM32H7xx_HAL_Driver/Src/stm32h7xx_hal_i2c.o
LOAD ./Drivers/STM32H7xx_HAL_Driver/Src/stm32h7xx_hal_i2c_ex.o
LOAD ./Drivers/STM32H7xx_HAL_Driver/Src/stm32h7xx_hal_ltdc.o
LOAD ./Drivers/STM32H7xx_HAL_Driver/Src/stm32h7xx_hal_ltdc_ex.o
LOAD ./Drivers/STM32H7xx_HAL_Driver/Src/stm32h7xx_hal_mdma.o
LOAD ./Drivers/STM32H7xx_HAL_Driver/Src/stm32h7xx_hal_mmc.o
LOAD ./Drivers/STM32H7xx_HAL_Driver/Src/stm32h7xx_hal_mmc_ex.o
LOAD ./Drivers/STM32H7xx_HAL_Driver/Src/stm32h7xx_hal_nand.o
LOAD ./Drivers/STM32H7xx_HAL_Driver/Src/stm32h7xx_hal_nor.o
LOAD ./Drivers/STM32H7xx_HAL_Driver/Src/stm32h7xx_hal_pcd.o
LOAD ./Drivers/STM32H7xx_HAL_Driver/Src/stm32h7xx_hal_pcd_ex.o
LOAD ./Drivers/STM32H7xx_HAL_Driver/Src/stm32h7xx_hal_pwr.o
LOAD ./Drivers/STM32H7xx_HAL_Driver/Src/stm32h7xx_hal_pwr_ex.o
LOAD ./Drivers/STM32H7xx_HAL_Driver/Src/stm32h7xx_hal_qspi.o
LOAD ./Drivers/STM32H7xx_HAL_Driver/Src/stm32h7xx_hal_rcc.o
LOAD ./Drivers/STM32H7xx_HAL_Driver/Src/stm32h7xx_hal_rcc_ex.o
LOAD ./Drivers/STM32H7xx_HAL_Driver/Src/stm32h7xx_hal_sd.o
LOAD ./Drivers/STM32H7xx_HAL_Driver/Src/stm32h7xx_hal_sd_ex.o
LOAD ./Drivers/STM32H7xx_HAL_Driver/Src/stm32h7xx_hal_sdram.o
LOAD ./Drivers/STM32H7xx_HAL_Driver/Src/stm32h7xx_hal_sram.o
LOAD ./Drivers/STM32H7xx_HAL_Driver/Src/stm32h7xx_hal_tim.o
LOAD ./Drivers/STM32H7xx_HAL_Driver/Src/stm32h7xx_hal_tim_ex.o
LOAD ./Drivers/STM32H7xx_HAL_Driver/Src/stm32h7xx_hal_uart.o
LOAD ./Drivers/STM32H7xx_HAL_Driver/Src/stm32h7xx_hal_uart_ex.o
LOAD ./Drivers/STM32H7xx_HAL_Driver/Src/stm32h7xx_ll_delayblock.o
LOAD ./Drivers/STM32H7xx_HAL_Driver/Src/stm32h7xx_ll_fmc.o
LOAD ./Drivers/STM32H7xx_HAL_Driver/Src/stm32h7xx_ll_sdmmc.o
LOAD ./Drivers/STM32H7xx_HAL_Driver/Src/stm32h7xx_ll_usb.o
START GROUP
LOAD C:/ST/STM32CubeIDE_2.1.1/STM32CubeIDE/plugins/com.st.stm32cube.ide.mcu.externaltools.gnu-tools-for-stm32.14.3.rel1.win32_1.0.100.202602081740/tools/bin/../lib/gcc/arm-none-eabi/14.3.1/../../../../arm-none-eabi/lib/thumb/v7e-m+dp/hard\libc_nano.a
LOAD C:/ST/STM32CubeIDE_2.1.1/STM32CubeIDE/plugins/com.st.stm32cube.ide.mcu.externaltools.gnu-tools-for-stm32.14.3.rel1.win32_1.0.100.202602081740/tools/bin/../lib/gcc/arm-none-eabi/14.3.1/../../../../arm-none-eabi/lib/thumb/v7e-m+dp/hard\libm.a
END GROUP
START GROUP
LOAD C:/ST/STM32CubeIDE_2.1.1/STM32CubeIDE/plugins/com.st.stm32cube.ide.mcu.externaltools.gnu-tools-for-stm32.14.3.rel1.win32_1.0.100.202602081740/tools/bin/../lib/gcc/arm-none-eabi/14.3.1/thumb/v7e-m+dp/hard\libgcc.a
LOAD C:/ST/STM32CubeIDE_2.1.1/STM32CubeIDE/plugins/com.st.stm32cube.ide.mcu.externaltools.gnu-tools-for-stm32.14.3.rel1.win32_1.0.100.202602081740/tools/bin/../lib/gcc/arm-none-eabi/14.3.1/../../../../arm-none-eabi/lib/thumb/v7e-m+dp/hard\libc_nano.a
END GROUP
START GROUP
LOAD C:/ST/STM32CubeIDE_2.1.1/STM32CubeIDE/plugins/com.st.stm32cube.ide.mcu.externaltools.gnu-tools-for-stm32.14.3.rel1.win32_1.0.100.202602081740/tools/bin/../lib/gcc/arm-none-eabi/14.3.1/thumb/v7e-m+dp/hard\libgcc.a
LOAD C:/ST/STM32CubeIDE_2.1.1/STM32CubeIDE/plugins/com.st.stm32cube.ide.mcu.externaltools.gnu-tools-for-stm32.14.3.rel1.win32_1.0.100.202602081740/tools/bin/../lib/gcc/arm-none-eabi/14.3.1/../../../../arm-none-eabi/lib/thumb/v7e-m+dp/hard\libc_nano.a
LOAD C:/ST/STM32CubeIDE_2.1.1/STM32CubeIDE/plugins/com.st.stm32cube.ide.mcu.externaltools.gnu-tools-for-stm32.14.3.rel1.win32_1.0.100.202602081740/tools/bin/../lib/gcc/arm-none-eabi/14.3.1/../../../../arm-none-eabi/lib/thumb/v7e-m+dp/hard\libnosys.a
END GROUP
START GROUP
LOAD C:/ST/STM32CubeIDE_2.1.1/STM32CubeIDE/plugins/com.st.stm32cube.ide.mcu.externaltools.gnu-tools-for-stm32.14.3.rel1.win32_1.0.100.202602081740/tools/bin/../lib/gcc/arm-none-eabi/14.3.1/thumb/v7e-m+dp/hard\libgcc.a
LOAD C:/ST/STM32CubeIDE_2.1.1/STM32CubeIDE/plugins/com.st.stm32cube.ide.mcu.externaltools.gnu-tools-for-stm32.14.3.rel1.win32_1.0.100.202602081740/tools/bin/../lib/gcc/arm-none-eabi/14.3.1/../../../../arm-none-eabi/lib/thumb/v7e-m+dp/hard\libc_nano.a
LOAD C:/ST/STM32CubeIDE_2.1.1/STM32CubeIDE/plugins/com.st.stm32cube.ide.mcu.externaltools.gnu-tools-for-stm32.14.3.rel1.win32_1.0.100.202602081740/tools/bin/../lib/gcc/arm-none-eabi/14.3.1/../../../../arm-none-eabi/lib/thumb/v7e-m+dp/hard\libnosys.a
END GROUP
LOAD C:/ST/STM32CubeIDE_2.1.1/STM32CubeIDE/plugins/com.st.stm32cube.ide.mcu.externaltools.gnu-tools-for-stm32.14.3.rel1.win32_1.0.100.202602081740/tools/bin/../lib/gcc/arm-none-eabi/14.3.1/thumb/v7e-m+dp/hard/crtend.o
LOAD C:/ST/STM32CubeIDE_2.1.1/STM32CubeIDE/plugins/com.st.stm32cube.ide.mcu.externaltools.gnu-tools-for-stm32.14.3.rel1.win32_1.0.100.202602081740/tools/bin/../lib/gcc/arm-none-eabi/14.3.1/thumb/v7e-m+dp/hard/crtn.o
                0x24080000                        _estack = (ORIGIN (RAM_D1) + LENGTH (RAM_D1))
                0x00000200                        _Min_Heap_Size = 0x200
                0x00000400                        _Min_Stack_Size = 0x400

.isr_vector     0x08000000      0x298
                0x08000000                        . = ALIGN (0x4)
 *(.isr_vector)
 .isr_vector    0x08000000      0x298 ./Core/Startup/startup_stm32h743iitx.o
                0x08000000                g_pfnVectors
                0x08000298                        . = ALIGN (0x4)

.text           0x08000298     0xaa44
                0x08000298                        . = ALIGN (0x4)
 *(.text)
 .text          0x08000298       0x40 C:/ST/STM32CubeIDE_2.1.1/STM32CubeIDE/plugins/com.st.stm32cube.ide.mcu.externaltools.gnu-tools-for-stm32.14.3.rel1.win32_1.0.100.202602081740/tools/bin/../lib/gcc/arm-none-eabi/14.3.1/thumb/v7e-m+dp/hard/crtbegin.o
 .text          0x080002d8       0x30 C:/ST/STM32CubeIDE_2.1.1/STM32CubeIDE/plugins/com.st.stm32cube.ide.mcu.externaltools.gnu-tools-for-stm32.14.3.rel1.win32_1.0.100.202602081740/tools/bin/../lib/gcc/arm-none-eabi/14.3.1/thumb/v7e-m+dp/hard\libgcc.a(_aeabi_uldivmod.o)
                0x080002d8                __aeabi_uldivmod
 .text          0x08000308      0x2f8 C:/ST/STM32CubeIDE_2.1.1/STM32CubeIDE/plugins/com.st.stm32cube.ide.mcu.externaltools.gnu-tools-for-stm32.14.3.rel1.win32_1.0.100.202602081740/tools/bin/../lib/gcc/arm-none-eabi/14.3.1/thumb/v7e-m+dp/hard\libgcc.a(_udivmoddi4.o)
                0x08000308                __udivmoddi4
 .text          0x08000600        0x4 C:/ST/STM32CubeIDE_2.1.1/STM32CubeIDE/plugins/com.st.stm32cube.ide.mcu.externaltools.gnu-tools-for-stm32.14.3.rel1.win32_1.0.100.202602081740/tools/bin/../lib/gcc/arm-none-eabi/14.3.1/thumb/v7e-m+dp/hard\libgcc.a(_dvmd_tls.o)
                0x08000600                __aeabi_idiv0
                0x08000600                __aeabi_ldiv0
 *(.text*)
 .text.main     0x08000604       0x38 ./Core/Src/main.o
                0x08000604                main
 .text.SystemClock_Config
                0x0800063c       0xf8 ./Core/Src/main.o
                0x0800063c                SystemClock_Config
 .text.MX_I2C1_Init
                0x08000734       0x80 ./Core/Src/main.o
 .text.MX_LTDC_Init
                0x080007b4      0x164 ./Core/Src/main.o
 .text.MX_QUADSPI_Init
                0x08000918       0x58 ./Core/Src/main.o
 .text.MX_SDMMC1_SD_Init
                0x08000970       0x48 ./Core/Src/main.o
 .text.MX_TIM12_Init
                0x080009b8       0xf0 ./Core/Src/main.o
 .text.MX_USART1_UART_Init
                0x08000aa8       0x98 ./Core/Src/main.o
 .text.MX_USB_OTG_FS_PCD_Init
                0x08000b40       0x64 ./Core/Src/main.o
 .text.MX_FMC_Init
                0x08000ba4       0xa0 ./Core/Src/main.o
 .text.MX_GPIO_Init
                0x08000c44      0x1b4 ./Core/Src/main.o
 .text.MPU_Config
                0x08000df8       0x58 ./Core/Src/main.o
 .text.Error_Handler
                0x08000e50        0xc ./Core/Src/main.o
                0x08000e50                Error_Handler
 .text.HAL_MspInit
                0x08000e5c       0x34 ./Core/Src/stm32h7xx_hal_msp.o
                0x08000e5c                HAL_MspInit
 .text.HAL_I2C_MspInit
                0x08000e90       0xd4 ./Core/Src/stm32h7xx_hal_msp.o
                0x08000e90                HAL_I2C_MspInit
 .text.HAL_LTDC_MspInit
                0x08000f64      0x314 ./Core/Src/stm32h7xx_hal_msp.o
                0x08000f64                HAL_LTDC_MspInit
 .text.HAL_QSPI_MspInit
                0x08001278      0x194 ./Core/Src/stm32h7xx_hal_msp.o
                0x08001278                HAL_QSPI_MspInit
 .text.HAL_SD_MspInit
                0x0800140c      0x140 ./Core/Src/stm32h7xx_hal_msp.o
                0x0800140c                HAL_SD_MspInit
 .text.HAL_TIM_Base_MspInit
                0x0800154c       0x44 ./Core/Src/stm32h7xx_hal_msp.o
                0x0800154c                HAL_TIM_Base_MspInit
 .text.HAL_TIM_MspPostInit
                0x08001590       0x74 ./Core/Src/stm32h7xx_hal_msp.o
                0x08001590                HAL_TIM_MspPostInit
 .text.HAL_UART_MspInit
                0x08001604       0xd4 ./Core/Src/stm32h7xx_hal_msp.o
                0x08001604                HAL_UART_MspInit
 .text.HAL_PCD_MspInit
                0x080016d8       0xd8 ./Core/Src/stm32h7xx_hal_msp.o
                0x080016d8                HAL_PCD_MspInit
 .text.HAL_FMC_MspInit
                0x080017b0      0x178 ./Core/Src/stm32h7xx_hal_msp.o
 .text.HAL_SDRAM_MspInit
                0x08001928       0x14 ./Core/Src/stm32h7xx_hal_msp.o
                0x08001928                HAL_SDRAM_MspInit
 .text.NMI_Handler
                0x0800193c        0x8 ./Core/Src/stm32h7xx_it.o
                0x0800193c                NMI_Handler
 .text.HardFault_Handler
                0x08001944        0x8 ./Core/Src/stm32h7xx_it.o
                0x08001944                HardFault_Handler
 .text.MemManage_Handler
                0x0800194c        0x8 ./Core/Src/stm32h7xx_it.o
                0x0800194c                MemManage_Handler
 .text.BusFault_Handler
                0x08001954        0x8 ./Core/Src/stm32h7xx_it.o
                0x08001954                BusFault_Handler
 .text.UsageFault_Handler
                0x0800195c        0x8 ./Core/Src/stm32h7xx_it.o
                0x0800195c                UsageFault_Handler
 .text.SVC_Handler
                0x08001964        0xe ./Core/Src/stm32h7xx_it.o
                0x08001964                SVC_Handler
 .text.DebugMon_Handler
                0x08001972        0xe ./Core/Src/stm32h7xx_it.o
                0x08001972                DebugMon_Handler
 .text.PendSV_Handler
                0x08001980        0xe ./Core/Src/stm32h7xx_it.o
                0x08001980                PendSV_Handler
 .text.SysTick_Handler
                0x0800198e        0xc ./Core/Src/stm32h7xx_it.o
                0x0800198e                SysTick_Handler
 *fill*         0x0800199a        0x2 
 .text.SystemInit
                0x0800199c      0x140 ./Core/Src/system_stm32h7xx.o
                0x0800199c                SystemInit
 .text.ExitRun0Mode
                0x08001adc       0x18 ./Core/Src/system_stm32h7xx.o
                0x08001adc                ExitRun0Mode
 .text.Reset_Handler
                0x08001af4       0x54 ./Core/Startup/startup_stm32h743iitx.o
                0x08001af4                Reset_Handler
 .text.Default_Handler
                0x08001b48        0x2 ./Core/Startup/startup_stm32h743iitx.o
                0x08001b48                RTC_Alarm_IRQHandler
                0x08001b48                EXTI2_IRQHandler
                0x08001b48                TIM8_CC_IRQHandler
                0x08001b48                HRTIM1_Master_IRQHandler
                0x08001b48                UART8_IRQHandler
                0x08001b48                SPI4_IRQHandler
                0x08001b48                TIM1_CC_IRQHandler
                0x08001b48                BDMA_Channel6_IRQHandler
                0x08001b48                DMA2_Stream5_IRQHandler
                0x08001b48                HRTIM1_FLT_IRQHandler
                0x08001b48                JPEG_IRQHandler
                0x08001b48                DMA1_Stream5_IRQHandler
                0x08001b48                BDMA_Channel1_IRQHandler
                0x08001b48                HRTIM1_TIMD_IRQHandler
                0x08001b48                TAMP_STAMP_IRQHandler
                0x08001b48                EXTI3_IRQHandler
                0x08001b48                LPTIM4_IRQHandler
                0x08001b48                TIM8_TRG_COM_TIM14_IRQHandler
                0x08001b48                LPTIM2_IRQHandler
                0x08001b48                DFSDM1_FLT1_IRQHandler
                0x08001b48                DMAMUX2_OVR_IRQHandler
                0x08001b48                TIM8_UP_TIM13_IRQHandler
                0x08001b48                I2C3_ER_IRQHandler
                0x08001b48                DFSDM1_FLT2_IRQHandler
                0x08001b48                MDMA_IRQHandler
                0x08001b48                LPTIM3_IRQHandler
                0x08001b48                HSEM1_IRQHandler
                0x08001b48                EXTI0_IRQHandler
                0x08001b48                I2C2_EV_IRQHandler
                0x08001b48                DMA1_Stream2_IRQHandler
                0x08001b48                FPU_IRQHandler
                0x08001b48                OTG_HS_WKUP_IRQHandler
                0x08001b48                FDCAN1_IT1_IRQHandler
                0x08001b48                LTDC_ER_IRQHandler
                0x08001b48                DMA2_Stream2_IRQHandler
                0x08001b48                HRTIM1_TIME_IRQHandler
                0x08001b48                SPI1_IRQHandler
                0x08001b48                TIM6_DAC_IRQHandler
                0x08001b48                DCMI_IRQHandler
                0x08001b48                HRTIM1_TIMC_IRQHandler
                0x08001b48                DMA2_Stream3_IRQHandler
                0x08001b48                SAI2_IRQHandler
                0x08001b48                DFSDM1_FLT3_IRQHandler
                0x08001b48                USART6_IRQHandler
                0x08001b48                TIM17_IRQHandler
                0x08001b48                USART3_IRQHandler
                0x08001b48                BDMA_Channel7_IRQHandler
                0x08001b48                LPTIM5_IRQHandler
                0x08001b48                UART5_IRQHandler
                0x08001b48                ADC3_IRQHandler
                0x08001b48                DMA2_Stream0_IRQHandler
                0x08001b48                TIM4_IRQHandler
                0x08001b48                BDMA_Channel2_IRQHandler
                0x08001b48                QUADSPI_IRQHandler
                0x08001b48                I2C1_EV_IRQHandler
                0x08001b48                DMA1_Stream6_IRQHandler
                0x08001b48                DMAMUX1_OVR_IRQHandler
                0x08001b48                DMA1_Stream1_IRQHandler
                0x08001b48                TIM16_IRQHandler
                0x08001b48                UART4_IRQHandler
                0x08001b48                BDMA_Channel5_IRQHandler
                0x08001b48                TIM3_IRQHandler
                0x08001b48                RCC_IRQHandler
                0x08001b48                TIM8_BRK_TIM12_IRQHandler
                0x08001b48                TIM1_TRG_COM_IRQHandler
                0x08001b48                Default_Handler
                0x08001b48                ECC_IRQHandler
                0x08001b48                CEC_IRQHandler
                0x08001b48                EXTI15_10_IRQHandler
                0x08001b48                BDMA_Channel0_IRQHandler
                0x08001b48                ADC_IRQHandler
                0x08001b48                DMA1_Stream7_IRQHandler
                0x08001b48                HRTIM1_TIMA_IRQHandler
                0x08001b48                SPI5_IRQHandler
                0x08001b48                TIM7_IRQHandler
                0x08001b48                SDMMC1_IRQHandler
                0x08001b48                TIM5_IRQHandler
                0x08001b48                DMA2_Stream7_IRQHandler
                0x08001b48                TIM15_IRQHandler
                0x08001b48                PVD_AVD_IRQHandler
                0x08001b48                I2C3_EV_IRQHandler
                0x08001b48                EXTI9_5_IRQHandler
                0x08001b48                RTC_WKUP_IRQHandler
                0x08001b48                LTDC_IRQHandler
                0x08001b48                SAI3_IRQHandler
                0x08001b48                ETH_WKUP_IRQHandler
                0x08001b48                SPDIF_RX_IRQHandler
                0x08001b48                SPI2_IRQHandler
                0x08001b48                OTG_HS_EP1_IN_IRQHandler
                0x08001b48                DMA1_Stream0_IRQHandler
                0x08001b48                CRS_IRQHandler
                0x08001b48                EXTI4_IRQHandler
                0x08001b48                RNG_IRQHandler
                0x08001b48                HRTIM1_TIMB_IRQHandler
                0x08001b48                FDCAN2_IT1_IRQHandler
                0x08001b48                ETH_IRQHandler
                0x08001b48                TIM1_UP_IRQHandler
                0x08001b48                BDMA_Channel4_IRQHandler
                0x08001b48                OTG_HS_EP1_OUT_IRQHandler
                0x08001b48                WWDG_IRQHandler
                0x08001b48                SPI6_IRQHandler
                0x08001b48                MDIOS_IRQHandler
                0x08001b48                I2C4_EV_IRQHandler
                0x08001b48                FDCAN2_IT0_IRQHandler
                0x08001b48                LPUART1_IRQHandler
                0x08001b48                FDCAN1_IT0_IRQHandler
                0x08001b48                TIM2_IRQHandler
                0x08001b48                OTG_FS_WKUP_IRQHandler
                0x08001b48                OTG_HS_IRQHandler
                0x08001b48                DMA2D_IRQHandler
                0x08001b48                TIM1_BRK_IRQHandler
                0x08001b48                EXTI1_IRQHandler
                0x08001b48                SDMMC2_IRQHandler
                0x08001b48                OTG_FS_EP1_OUT_IRQHandler
                0x08001b48                BDMA_Channel3_IRQHandler
                0x08001b48                UART7_IRQHandler
                0x08001b48                MDIOS_WKUP_IRQHandler
                0x08001b48                USART2_IRQHandler
                0x08001b48                DFSDM1_FLT0_IRQHandler
                0x08001b48                SAI4_IRQHandler
                0x08001b48                I2C2_ER_IRQHandler
                0x08001b48                DMA2_Stream1_IRQHandler
                0x08001b48                FLASH_IRQHandler
                0x08001b48                DMA2_Stream4_IRQHandler
                0x08001b48                USART1_IRQHandler
                0x08001b48                OTG_FS_IRQHandler
                0x08001b48                SPI3_IRQHandler
                0x08001b48                WAKEUP_PIN_IRQHandler
                0x08001b48                DMA1_Stream4_IRQHandler
                0x08001b48                OTG_FS_EP1_IN_IRQHandler
                0x08001b48                I2C1_ER_IRQHandler
                0x08001b48                FMC_IRQHandler
                0x08001b48                FDCAN_CAL_IRQHandler
                0x08001b48                SWPMI1_IRQHandler
                0x08001b48                COMP1_IRQHandler
                0x08001b48                LPTIM1_IRQHandler
                0x08001b48                I2C4_ER_IRQHandler
                0x08001b48                DMA2_Stream6_IRQHandler
                0x08001b48                SAI1_IRQHandler
                0x08001b48                DMA1_Stream3_IRQHandler
 *fill*         0x08001b4a        0x2 
 .text.HAL_Init
                0x08001b4c       0x78 ./Drivers/STM32H7xx_HAL_Driver/Src/stm32h7xx_hal.o
                0x08001b4c                HAL_Init
 .text.HAL_InitTick
                0x08001bc4       0x6c ./Drivers/STM32H7xx_HAL_Driver/Src/stm32h7xx_hal.o
                0x08001bc4                HAL_InitTick
 .text.HAL_IncTick
                0x08001c30       0x28 ./Drivers/STM32H7xx_HAL_Driver/Src/stm32h7xx_hal.o
                0x08001c30                HAL_IncTick
 .text.HAL_GetTick
                0x08001c58       0x18 ./Drivers/STM32H7xx_HAL_Driver/Src/stm32h7xx_hal.o
                0x08001c58                HAL_GetTick
 .text.HAL_Delay
                0x08001c70       0x48 ./Drivers/STM32H7xx_HAL_Driver/Src/stm32h7xx_hal.o
                0x08001c70                HAL_Delay
 .text.HAL_GetREVID
                0x08001cb8       0x18 ./Drivers/STM32H7xx_HAL_Driver/Src/stm32h7xx_hal.o
                0x08001cb8                HAL_GetREVID
 .text.__NVIC_SetPriorityGrouping
                0x08001cd0       0x48 ./Drivers/STM32H7xx_HAL_Driver/Src/stm32h7xx_hal_cortex.o
 .text.__NVIC_GetPriorityGrouping
                0x08001d18       0x1c ./Drivers/STM32H7xx_HAL_Driver/Src/stm32h7xx_hal_cortex.o
 .text.__NVIC_SetPriority
                0x08001d34       0x54 ./Drivers/STM32H7xx_HAL_Driver/Src/stm32h7xx_hal_cortex.o
 .text.NVIC_EncodePriority
                0x08001d88       0x66 ./Drivers/STM32H7xx_HAL_Driver/Src/stm32h7xx_hal_cortex.o
 *fill*         0x08001dee        0x2 
 .text.SysTick_Config
                0x08001df0       0x44 ./Drivers/STM32H7xx_HAL_Driver/Src/stm32h7xx_hal_cortex.o
 .text.HAL_NVIC_SetPriorityGrouping
                0x08001e34       0x16 ./Drivers/STM32H7xx_HAL_Driver/Src/stm32h7xx_hal_cortex.o
                0x08001e34                HAL_NVIC_SetPriorityGrouping
 .text.HAL_NVIC_SetPriority
                0x08001e4a       0x34 ./Drivers/STM32H7xx_HAL_Driver/Src/stm32h7xx_hal_cortex.o
                0x08001e4a                HAL_NVIC_SetPriority
 .text.HAL_SYSTICK_Config
                0x08001e7e       0x18 ./Drivers/STM32H7xx_HAL_Driver/Src/stm32h7xx_hal_cortex.o
                0x08001e7e                HAL_SYSTICK_Config
 *fill*         0x08001e96        0x2 
 .text.HAL_MPU_Disable
                0x08001e98       0x30 ./Drivers/STM32H7xx_HAL_Driver/Src/stm32h7xx_hal_cortex.o
                0x08001e98                HAL_MPU_Disable
 .text.HAL_MPU_Enable
                0x08001ec8       0x40 ./Drivers/STM32H7xx_HAL_Driver/Src/stm32h7xx_hal_cortex.o
                0x08001ec8                HAL_MPU_Enable
 .text.HAL_MPU_ConfigRegion
                0x08001f08       0x80 ./Drivers/STM32H7xx_HAL_Driver/Src/stm32h7xx_hal_cortex.o
                0x08001f08                HAL_MPU_ConfigRegion
 .text.HAL_GPIO_Init
                0x08001f88      0x374 ./Drivers/STM32H7xx_HAL_Driver/Src/stm32h7xx_hal_gpio.o
                0x08001f88                HAL_GPIO_Init
 .text.HAL_GPIO_WritePin
                0x080022fc       0x32 ./Drivers/STM32H7xx_HAL_Driver/Src/stm32h7xx_hal_gpio.o
                0x080022fc                HAL_GPIO_WritePin
 *fill*         0x0800232e        0x2 
 .text.HAL_I2C_Init
                0x08002330      0x138 ./Drivers/STM32H7xx_HAL_Driver/Src/stm32h7xx_hal_i2c.o
                0x08002330                HAL_I2C_Init
 .text.HAL_I2CEx_ConfigAnalogFilter
                0x08002468       0x96 ./Drivers/STM32H7xx_HAL_Driver/Src/stm32h7xx_hal_i2c_ex.o
                0x08002468                HAL_I2CEx_ConfigAnalogFilter
 .text.HAL_I2CEx_ConfigDigitalFilter
                0x080024fe       0x98 ./Drivers/STM32H7xx_HAL_Driver/Src/stm32h7xx_hal_i2c_ex.o
                0x080024fe                HAL_I2CEx_ConfigDigitalFilter
 .text.HAL_LTDC_Init
                0x08002596      0x13a ./Drivers/STM32H7xx_HAL_Driver/Src/stm32h7xx_hal_ltdc.o
                0x08002596                HAL_LTDC_Init
 .text.HAL_LTDC_ConfigLayer
                0x080026d0       0x7c ./Drivers/STM32H7xx_HAL_Driver/Src/stm32h7xx_hal_ltdc.o
                0x080026d0                HAL_LTDC_ConfigLayer
 .text.LTDC_SetConfig
                0x0800274c      0x2ec ./Drivers/STM32H7xx_HAL_Driver/Src/stm32h7xx_hal_ltdc.o
 .text.HAL_PCD_Init
                0x08002a38      0x218 ./Drivers/STM32H7xx_HAL_Driver/Src/stm32h7xx_hal_pcd.o
                0x08002a38                HAL_PCD_Init
 .text.HAL_PCDEx_ActivateLPM
                0x08002c50       0x48 ./Drivers/STM32H7xx_HAL_Driver/Src/stm32h7xx_hal_pcd_ex.o
                0x08002c50                HAL_PCDEx_ActivateLPM
 .text.HAL_PWREx_ConfigSupply
                0x08002c98       0x74 ./Drivers/STM32H7xx_HAL_Driver/Src/stm32h7xx_hal_pwr_ex.o
                0x08002c98                HAL_PWREx_ConfigSupply
 .text.HAL_PWREx_EnableUSBVoltageDetector
                0x08002d0c       0x20 ./Drivers/STM32H7xx_HAL_Driver/Src/stm32h7xx_hal_pwr_ex.o
                0x08002d0c                HAL_PWREx_EnableUSBVoltageDetector
 .text.HAL_QSPI_Init
                0x08002d2c       0xe8 ./Drivers/STM32H7xx_HAL_Driver/Src/stm32h7xx_hal_qspi.o
                0x08002d2c                HAL_QSPI_Init
 .text.HAL_QSPI_SetTimeout
                0x08002e14       0x1c ./Drivers/STM32H7xx_HAL_Driver/Src/stm32h7xx_hal_qspi.o
                0x08002e14                HAL_QSPI_SetTimeout
 .text.QSPI_WaitFlagStateUntilTimeout
                0x08002e30       0x6e ./Drivers/STM32H7xx_HAL_Driver/Src/stm32h7xx_hal_qspi.o
 *fill*         0x08002e9e        0x2 
 .text.HAL_RCC_OscConfig
                0x08002ea0      0x8b4 ./Drivers/STM32H7xx_HAL_Driver/Src/stm32h7xx_hal_rcc.o
                0x08002ea0                HAL_RCC_OscConfig
 .text.HAL_RCC_ClockConfig
                0x08003754      0x36c ./Drivers/STM32H7xx_HAL_Driver/Src/stm32h7xx_hal_rcc.o
                0x08003754                HAL_RCC_ClockConfig
 .text.HAL_RCC_GetSysClockFreq
                0x08003ac0      0x2f4 ./Drivers/STM32H7xx_HAL_Driver/Src/stm32h7xx_hal_rcc.o
                0x08003ac0                HAL_RCC_GetSysClockFreq
 .text.HAL_RCC_GetHCLKFreq
                0x08003db4       0x60 ./Drivers/STM32H7xx_HAL_Driver/Src/stm32h7xx_hal_rcc.o
                0x08003db4                HAL_RCC_GetHCLKFreq
 .text.HAL_RCC_GetPCLK1Freq
                0x08003e14       0x2c ./Drivers/STM32H7xx_HAL_Driver/Src/stm32h7xx_hal_rcc.o
                0x08003e14                HAL_RCC_GetPCLK1Freq
 .text.HAL_RCC_GetPCLK2Freq
                0x08003e40       0x2c ./Drivers/STM32H7xx_HAL_Driver/Src/stm32h7xx_hal_rcc.o
                0x08003e40                HAL_RCC_GetPCLK2Freq
 .text.HAL_RCCEx_PeriphCLKConfig
                0x08003e6c     0x1414 ./Drivers/STM32H7xx_HAL_Driver/Src/stm32h7xx_hal_rcc_ex.o
                0x08003e6c                HAL_RCCEx_PeriphCLKConfig
 .text.HAL_RCCEx_GetPeriphCLKFreq
                0x08005280      0xb00 ./Drivers/STM32H7xx_HAL_Driver/Src/stm32h7xx_hal_rcc_ex.o
                0x08005280                HAL_RCCEx_GetPeriphCLKFreq
 .text.HAL_RCCEx_GetD3PCLK1Freq
                0x08005d80       0x2c ./Drivers/STM32H7xx_HAL_Driver/Src/stm32h7xx_hal_rcc_ex.o
                0x08005d80                HAL_RCCEx_GetD3PCLK1Freq
 .text.HAL_RCCEx_GetPLL2ClockFreq
                0x08005dac      0x2a8 ./Drivers/STM32H7xx_HAL_Driver/Src/stm32h7xx_hal_rcc_ex.o
                0x08005dac                HAL_RCCEx_GetPLL2ClockFreq
 .text.HAL_RCCEx_GetPLL3ClockFreq
                0x08006054      0x2a8 ./Drivers/STM32H7xx_HAL_Driver/Src/stm32h7xx_hal_rcc_ex.o
                0x08006054                HAL_RCCEx_GetPLL3ClockFreq
 .text.HAL_RCCEx_GetPLL1ClockFreq
                0x080062fc      0x2a4 ./Drivers/STM32H7xx_HAL_Driver/Src/stm32h7xx_hal_rcc_ex.o
                0x080062fc                HAL_RCCEx_GetPLL1ClockFreq
 .text.RCCEx_PLL2_Config
                0x080065a0      0x164 ./Drivers/STM32H7xx_HAL_Driver/Src/stm32h7xx_hal_rcc_ex.o
 .text.RCCEx_PLL3_Config
                0x08006704      0x164 ./Drivers/STM32H7xx_HAL_Driver/Src/stm32h7xx_hal_rcc_ex.o
 .text.HAL_SD_Init
                0x08006868      0x106 ./Drivers/STM32H7xx_HAL_Driver/Src/stm32h7xx_hal_sd.o
                0x08006868                HAL_SD_Init
 *fill*         0x0800696e        0x2 
 .text.HAL_SD_InitCard
                0x08006970      0x15c ./Drivers/STM32H7xx_HAL_Driver/Src/stm32h7xx_hal_sd.o
                0x08006970                HAL_SD_InitCard
 .text.HAL_SD_GetCardCSD
                0x08006acc      0x348 ./Drivers/STM32H7xx_HAL_Driver/Src/stm32h7xx_hal_sd.o
                0x08006acc                HAL_SD_GetCardCSD
 .text.HAL_SD_GetCardStatus
                0x08006e14      0x17c ./Drivers/STM32H7xx_HAL_Driver/Src/stm32h7xx_hal_sd.o
                0x08006e14                HAL_SD_GetCardStatus
 .text.HAL_SD_ConfigWideBusOperation
                0x08006f90      0x224 ./Drivers/STM32H7xx_HAL_Driver/Src/stm32h7xx_hal_sd.o
                0x08006f90                HAL_SD_ConfigWideBusOperation
 .text.HAL_SD_GetCardState
                0x080071b4       0x40 ./Drivers/STM32H7xx_HAL_Driver/Src/stm32h7xx_hal_sd.o
                0x080071b4                HAL_SD_GetCardState
 .text.SD_InitCard
                0x080071f4      0x19c ./Drivers/STM32H7xx_HAL_Driver/Src/stm32h7xx_hal_sd.o
 .text.SD_PowerON
                0x08007390      0x11c ./Drivers/STM32H7xx_HAL_Driver/Src/stm32h7xx_hal_sd.o
 .text.SD_SendSDStatus
                0x080074ac      0x1a0 ./Drivers/STM32H7xx_HAL_Driver/Src/stm32h7xx_hal_sd.o
 .text.SD_SendStatus
                0x0800764c       0x50 ./Drivers/STM32H7xx_HAL_Driver/Src/stm32h7xx_hal_sd.o
 .text.SD_WideBus_Enable
                0x0800769c       0x96 ./Drivers/STM32H7xx_HAL_Driver/Src/stm32h7xx_hal_sd.o
 .text.SD_WideBus_Disable
                0x08007732       0x96 ./Drivers/STM32H7xx_HAL_Driver/Src/stm32h7xx_hal_sd.o
 .text.SD_FindSCR
                0x080077c8      0x1a0 ./Drivers/STM32H7xx_HAL_Driver/Src/stm32h7xx_hal_sd.o
 .text.HAL_SDRAM_Init
                0x08007968       0x78 ./Drivers/STM32H7xx_HAL_Driver/Src/stm32h7xx_hal_sdram.o
                0x08007968                HAL_SDRAM_Init
 .text.HAL_TIM_Base_Init
                0x080079e0       0xae ./Drivers/STM32H7xx_HAL_Driver/Src/stm32h7xx_hal_tim.o
                0x080079e0                HAL_TIM_Base_Init
 .text.HAL_TIM_PWM_Init
                0x08007a8e       0xae ./Drivers/STM32H7xx_HAL_Driver/Src/stm32h7xx_hal_tim.o
                0x08007a8e                HAL_TIM_PWM_Init
 .text.HAL_TIM_PWM_MspInit
                0x08007b3c       0x14 ./Drivers/STM32H7xx_HAL_Driver/Src/stm32h7xx_hal_tim.o
                0x08007b3c                HAL_TIM_PWM_MspInit
 .text.HAL_TIM_PWM_ConfigChannel
                0x08007b50      0x228 ./Drivers/STM32H7xx_HAL_Driver/Src/stm32h7xx_hal_tim.o
                0x08007b50                HAL_TIM_PWM_ConfigChannel
 .text.HAL_TIM_ConfigClockSource
                0x08007d78      0x1f0 ./Drivers/STM32H7xx_HAL_Driver/Src/stm32h7xx_hal_tim.o
                0x08007d78                HAL_TIM_ConfigClockSource
 .text.TIM_Base_SetConfig
                0x08007f68      0x140 ./Drivers/STM32H7xx_HAL_Driver/Src/stm32h7xx_hal_tim.o
                0x08007f68                TIM_Base_SetConfig
 .text.TIM_OC1_SetConfig
                0x080080a8      0x124 ./Drivers/STM32H7xx_HAL_Driver/Src/stm32h7xx_hal_tim.o
 .text.TIM_OC2_SetConfig
                0x080081cc      0x118 ./Drivers/STM32H7xx_HAL_Driver/Src/stm32h7xx_hal_tim.o
                0x080081cc                TIM_OC2_SetConfig
 .text.TIM_OC3_SetConfig
                0x080082e4      0x114 ./Drivers/STM32H7xx_HAL_Driver/Src/stm32h7xx_hal_tim.o
 .text.TIM_OC4_SetConfig
                0x080083f8       0xd4 ./Drivers/STM32H7xx_HAL_Driver/Src/stm32h7xx_hal_tim.o
 .text.TIM_OC5_SetConfig
                0x080084cc       0xc8 ./Drivers/STM32H7xx_HAL_Driver/Src/stm32h7xx_hal_tim.o
 .text.TIM_OC6_SetConfig
                0x08008594       0xcc ./Drivers/STM32H7xx_HAL_Driver/Src/stm32h7xx_hal_tim.o
 .text.TIM_TI1_ConfigInputStage
                0x08008660       0xa8 ./Drivers/STM32H7xx_HAL_Driver/Src/stm32h7xx_hal_tim.o
 .text.TIM_TI2_ConfigInputStage
                0x08008708       0x84 ./Drivers/STM32H7xx_HAL_Driver/Src/stm32h7xx_hal_tim.o
 .text.TIM_ITRx_SetConfig
                0x0800878c       0x3c ./Drivers/STM32H7xx_HAL_Driver/Src/stm32h7xx_hal_tim.o
 .text.TIM_ETR_SetConfig
                0x080087c8       0x40 ./Drivers/STM32H7xx_HAL_Driver/Src/stm32h7xx_hal_tim.o
                0x080087c8                TIM_ETR_SetConfig
 .text.HAL_TIMEx_MasterConfigSynchronization
                0x08008808      0x11c ./Drivers/STM32H7xx_HAL_Driver/Src/stm32h7xx_hal_tim_ex.o
                0x08008808                HAL_TIMEx_MasterConfigSynchronization
 .text.HAL_UART_Init
                0x08008924       0xa0 ./Drivers/STM32H7xx_HAL_Driver/Src/stm32h7xx_hal_uart.o
                0x08008924                HAL_UART_Init
 .text.UART_SetConfig
                0x080089c4      0xad0 ./Drivers/STM32H7xx_HAL_Driver/Src/stm32h7xx_hal_uart.o
                0x080089c4                UART_SetConfig
 .text.UART_AdvFeatureConfig
                0x08009494      0x144 ./Drivers/STM32H7xx_HAL_Driver/Src/stm32h7xx_hal_uart.o
                0x08009494                UART_AdvFeatureConfig
 .text.UART_CheckIdleState
                0x080095d8      0x154 ./Drivers/STM32H7xx_HAL_Driver/Src/stm32h7xx_hal_uart.o
                0x080095d8                UART_CheckIdleState
 .text.UART_WaitOnFlagUntilTimeout
                0x0800972c       0xda ./Drivers/STM32H7xx_HAL_Driver/Src/stm32h7xx_hal_uart.o
                0x0800972c                UART_WaitOnFlagUntilTimeout
 *fill*         0x08009806        0x2 
 .text.UART_EndRxTransfer
                0x08009808       0xcc ./Drivers/STM32H7xx_HAL_Driver/Src/stm32h7xx_hal_uart.o
 .text.HAL_UARTEx_DisableFifoMode
                0x080098d4       0x72 ./Drivers/STM32H7xx_HAL_Driver/Src/stm32h7xx_hal_uart_ex.o
                0x080098d4                HAL_UARTEx_DisableFifoMode
 .text.HAL_UARTEx_SetTxFifoThreshold
                0x08009946       0x7c ./Drivers/STM32H7xx_HAL_Driver/Src/stm32h7xx_hal_uart_ex.o
                0x08009946                HAL_UARTEx_SetTxFifoThreshold
 .text.HAL_UARTEx_SetRxFifoThreshold
                0x080099c2       0x7c ./Drivers/STM32H7xx_HAL_Driver/Src/stm32h7xx_hal_uart_ex.o
                0x080099c2                HAL_UARTEx_SetRxFifoThreshold
 *fill*         0x08009a3e        0x2 
 .text.UARTEx_SetNbDataToProcess
                0x08009a40       0x9c ./Drivers/STM32H7xx_HAL_Driver/Src/stm32h7xx_hal_uart_ex.o
 .text.FMC_SDRAM_Init
                0x08009adc       0xb8 ./Drivers/STM32H7xx_HAL_Driver/Src/stm32h7xx_ll_fmc.o
                0x08009adc                FMC_SDRAM_Init
 .text.FMC_SDRAM_Timing_Init
                0x08009b94       0xd4 ./Drivers/STM32H7xx_HAL_Driver/Src/stm32h7xx_ll_fmc.o
                0x08009b94                FMC_SDRAM_Timing_Init
 .text.SDMMC_Init
                0x08009c68       0x54 ./Drivers/STM32H7xx_HAL_Driver/Src/stm32h7xx_ll_sdmmc.o
                0x08009c68                SDMMC_Init
 .text.SDMMC_ReadFIFO
                0x08009cbc       0x1a ./Drivers/STM32H7xx_HAL_Driver/Src/stm32h7xx_ll_sdmmc.o
                0x08009cbc                SDMMC_ReadFIFO
 .text.SDMMC_PowerState_ON
                0x08009cd6       0x22 ./Drivers/STM32H7xx_HAL_Driver/Src/stm32h7xx_ll_sdmmc.o
                0x08009cd6                SDMMC_PowerState_ON
 .text.SDMMC_GetPowerState
                0x08009cf8       0x1c ./Drivers/STM32H7xx_HAL_Driver/Src/stm32h7xx_ll_sdmmc.o
                0x08009cf8                SDMMC_GetPowerState
 .text.SDMMC_SendCommand
                0x08009d14       0x54 ./Drivers/STM32H7xx_HAL_Driver/Src/stm32h7xx_ll_sdmmc.o
                0x08009d14                SDMMC_SendCommand
 .text.SDMMC_GetCommandResponse
                0x08009d68       0x1a ./Drivers/STM32H7xx_HAL_Driver/Src/stm32h7xx_ll_sdmmc.o
                0x08009d68                SDMMC_GetCommandResponse
 .text.SDMMC_GetResponse
                0x08009d82       0x26 ./Drivers/STM32H7xx_HAL_Driver/Src/stm32h7xx_ll_sdmmc.o
                0x08009d82                SDMMC_GetResponse
 .text.SDMMC_ConfigData
                0x08009da8       0x58 ./Drivers/STM32H7xx_HAL_Driver/Src/stm32h7xx_ll_sdmmc.o
                0x08009da8                SDMMC_ConfigData
 .text.SDMMC_CmdBlockLength
                0x08009e00       0x46 ./Drivers/STM32H7xx_HAL_Driver/Src/stm32h7xx_ll_sdmmc.o
                0x08009e00                SDMMC_CmdBlockLength
 .text.SDMMC_CmdSelDesel
                0x08009e46       0x46 ./Drivers/STM32H7xx_HAL_Driver/Src/stm32h7xx_ll_sdmmc.o
                0x08009e46                SDMMC_CmdSelDesel
 .text.SDMMC_CmdGoIdleState
                0x08009e8c       0x3c ./Drivers/STM32H7xx_HAL_Driver/Src/stm32h7xx_ll_sdmmc.o
                0x08009e8c                SDMMC_CmdGoIdleState
 .text.SDMMC_CmdOperCond
                0x08009ec8       0x40 ./Drivers/STM32H7xx_HAL_Driver/Src/stm32h7xx_ll_sdmmc.o
                0x08009ec8                SDMMC_CmdOperCond
 .text.SDMMC_CmdAppCommand
                0x08009f08       0x46 ./Drivers/STM32H7xx_HAL_Driver/Src/stm32h7xx_ll_sdmmc.o
                0x08009f08                SDMMC_CmdAppCommand
 .text.SDMMC_CmdAppOperCommand
                0x08009f4e       0x40 ./Drivers/STM32H7xx_HAL_Driver/Src/stm32h7xx_ll_sdmmc.o
                0x08009f4e                SDMMC_CmdAppOperCommand
 .text.SDMMC_CmdBusWidth
                0x08009f8e       0x46 ./Drivers/STM32H7xx_HAL_Driver/Src/stm32h7xx_ll_sdmmc.o
                0x08009f8e                SDMMC_CmdBusWidth
 .text.SDMMC_CmdSendSCR
                0x08009fd4       0x44 ./Drivers/STM32H7xx_HAL_Driver/Src/stm32h7xx_ll_sdmmc.o
                0x08009fd4                SDMMC_CmdSendSCR
 .text.SDMMC_CmdSendCID
                0x0800a018       0x3e ./Drivers/STM32H7xx_HAL_Driver/Src/stm32h7xx_ll_sdmmc.o
                0x0800a018                SDMMC_CmdSendCID
 .text.SDMMC_CmdSendCSD
                0x0800a056       0x40 ./Drivers/STM32H7xx_HAL_Driver/Src/stm32h7xx_ll_sdmmc.o
                0x0800a056                SDMMC_CmdSendCSD
 .text.SDMMC_CmdSetRelAdd
                0x0800a096       0x44 ./Drivers/STM32H7xx_HAL_Driver/Src/stm32h7xx_ll_sdmmc.o
                0x0800a096                SDMMC_CmdSetRelAdd
 .text.SDMMC_CmdSendStatus
                0x0800a0da       0x46 ./Drivers/STM32H7xx_HAL_Driver/Src/stm32h7xx_ll_sdmmc.o
                0x0800a0da                SDMMC_CmdSendStatus
 .text.SDMMC_CmdStatusRegister
                0x0800a120       0x44 ./Drivers/STM32H7xx_HAL_Driver/Src/stm32h7xx_ll_sdmmc.o
                0x0800a120                SDMMC_CmdStatusRegister
 .text.SDMMC_GetCmdResp1
                0x0800a164      0x1e4 ./Drivers/STM32H7xx_HAL_Driver/Src/stm32h7xx_ll_sdmmc.o
                0x0800a164                SDMMC_GetCmdResp1
 .text.SDMMC_GetCmdResp2
                0x0800a348       0x94 ./Drivers/STM32H7xx_HAL_Driver/Src/stm32h7xx_ll_sdmmc.o
                0x0800a348                SDMMC_GetCmdResp2
 .text.SDMMC_GetCmdResp3
                0x0800a3dc       0x80 ./Drivers/STM32H7xx_HAL_Driver/Src/stm32h7xx_ll_sdmmc.o
                0x0800a3dc                SDMMC_GetCmdResp3
 .text.SDMMC_GetCmdResp6
                0x0800a45c       0xf0 ./Drivers/STM32H7xx_HAL_Driver/Src/stm32h7xx_ll_sdmmc.o
                0x0800a45c                SDMMC_GetCmdResp6
 .text.SDMMC_GetCmdResp7
                0x0800a54c       0x9c ./Drivers/STM32H7xx_HAL_Driver/Src/stm32h7xx_ll_sdmmc.o
                0x0800a54c                SDMMC_GetCmdResp7
 .text.SDMMC_GetCmdError
                0x0800a5e8       0x5c ./Drivers/STM32H7xx_HAL_Driver/Src/stm32h7xx_ll_sdmmc.o
 .text.USB_CoreInit
                0x0800a644       0xf0 ./Drivers/STM32H7xx_HAL_Driver/Src/stm32h7xx_ll_usb.o
                0x0800a644                USB_CoreInit
 .text.USB_DisableGlobalInt
                0x0800a734       0x22 ./Drivers/STM32H7xx_HAL_Driver/Src/stm32h7xx_ll_usb.o
                0x0800a734                USB_DisableGlobalInt
 .text.USB_SetCurrentMode
                0x0800a756       0x98 ./Drivers/STM32H7xx_HAL_Driver/Src/stm32h7xx_ll_usb.o
                0x0800a756                USB_SetCurrentMode
 *fill*         0x0800a7ee        0x2 
 .text.USB_DevInit
                0x0800a7f0      0x2bc ./Drivers/STM32H7xx_HAL_Driver/Src/stm32h7xx_ll_usb.o
                0x0800a7f0                USB_DevInit
 .text.USB_FlushTxFifo
                0x0800aaac       0x64 ./Drivers/STM32H7xx_HAL_Driver/Src/stm32h7xx_ll_usb.o
                0x0800aaac                USB_FlushTxFifo
 .text.USB_FlushRxFifo
                0x0800ab10       0x5c ./Drivers/STM32H7xx_HAL_Driver/Src/stm32h7xx_ll_usb.o
                0x0800ab10                USB_FlushRxFifo
 .text.USB_SetDevSpeed
                0x0800ab6c       0x32 ./Drivers/STM32H7xx_HAL_Driver/Src/stm32h7xx_ll_usb.o
                0x0800ab6c                USB_SetDevSpeed
 .text.USB_DevDisconnect
                0x0800ab9e       0x42 ./Drivers/STM32H7xx_HAL_Driver/Src/stm32h7xx_ll_usb.o
                0x0800ab9e                USB_DevDisconnect
 .text.USB_GetMode
                0x0800abe0       0x1c ./Drivers/STM32H7xx_HAL_Driver/Src/stm32h7xx_ll_usb.o
                0x0800abe0                USB_GetMode
 .text.USB_CoreReset
                0x0800abfc       0x70 ./Drivers/STM32H7xx_HAL_Driver/Src/stm32h7xx_ll_usb.o
 .text.memset   0x0800ac6c       0x10 C:/ST/STM32CubeIDE_2.1.1/STM32CubeIDE/plugins/com.st.stm32cube.ide.mcu.externaltools.gnu-tools-for-stm32.14.3.rel1.win32_1.0.100.202602081740/tools/bin/../lib/gcc/arm-none-eabi/14.3.1/../../../../arm-none-eabi/lib/thumb/v7e-m+dp/hard\libc_nano.a(libc_a-memset.o)
                0x0800ac6c                memset
 .text.__libc_init_array
                0x0800ac7c       0x48 C:/ST/STM32CubeIDE_2.1.1/STM32CubeIDE/plugins/com.st.stm32cube.ide.mcu.externaltools.gnu-tools-for-stm32.14.3.rel1.win32_1.0.100.202602081740/tools/bin/../lib/gcc/arm-none-eabi/14.3.1/../../../../arm-none-eabi/lib/thumb/v7e-m+dp/hard\libc_nano.a(libc_a-init.o)
                0x0800ac7c                __libc_init_array
 *(.glue_7)
 .glue_7        0x0800acc4        0x0 linker stubs
 *(.glue_7t)
 .glue_7t       0x0800acc4        0x0 linker stubs
 *(.eh_frame)
 .eh_frame      0x0800acc4        0x0 C:/ST/STM32CubeIDE_2.1.1/STM32CubeIDE/plugins/com.st.stm32cube.ide.mcu.externaltools.gnu-tools-for-stm32.14.3.rel1.win32_1.0.100.202602081740/tools/bin/../lib/gcc/arm-none-eabi/14.3.1/thumb/v7e-m+dp/hard/crtbegin.o
 *(.init)
 .init          0x0800acc4        0x4 C:/ST/STM32CubeIDE_2.1.1/STM32CubeIDE/plugins/com.st.stm32cube.ide.mcu.externaltools.gnu-tools-for-stm32.14.3.rel1.win32_1.0.100.202602081740/tools/bin/../lib/gcc/arm-none-eabi/14.3.1/thumb/v7e-m+dp/hard/crti.o
                0x0800acc4                _init
 .init          0x0800acc8        0x8 C:/ST/STM32CubeIDE_2.1.1/STM32CubeIDE/plugins/com.st.stm32cube.ide.mcu.externaltools.gnu-tools-for-stm32.14.3.rel1.win32_1.0.100.202602081740/tools/bin/../lib/gcc/arm-none-eabi/14.3.1/thumb/v7e-m+dp/hard/crtn.o
 *(.fini)
 .fini          0x0800acd0        0x4 C:/ST/STM32CubeIDE_2.1.1/STM32CubeIDE/plugins/com.st.stm32cube.ide.mcu.externaltools.gnu-tools-for-stm32.14.3.rel1.win32_1.0.100.202602081740/tools/bin/../lib/gcc/arm-none-eabi/14.3.1/thumb/v7e-m+dp/hard/crti.o
                0x0800acd0                _fini
 .fini          0x0800acd4        0x8 C:/ST/STM32CubeIDE_2.1.1/STM32CubeIDE/plugins/com.st.stm32cube.ide.mcu.externaltools.gnu-tools-for-stm32.14.3.rel1.win32_1.0.100.202602081740/tools/bin/../lib/gcc/arm-none-eabi/14.3.1/thumb/v7e-m+dp/hard/crtn.o
                0x0800acdc                        . = ALIGN (0x4)
                0x0800acdc                        _etext = .

.vfp11_veneer   0x0800acdc        0x0
 .vfp11_veneer  0x0800acdc        0x0 linker stubs

.v4_bx          0x0800acdc        0x0
 .v4_bx         0x0800acdc        0x0 linker stubs

.iplt           0x0800acdc        0x0
 .iplt          0x0800acdc        0x0 C:/ST/STM32CubeIDE_2.1.1/STM32CubeIDE/plugins/com.st.stm32cube.ide.mcu.externaltools.gnu-tools-for-stm32.14.3.rel1.win32_1.0.100.202602081740/tools/bin/../lib/gcc/arm-none-eabi/14.3.1/thumb/v7e-m+dp/hard/crtbegin.o

.rodata         0x0800acdc       0x38
                0x0800acdc                        . = ALIGN (0x4)
 *(.rodata)
 *(.rodata*)
 .rodata.D1CorePrescTable
                0x0800acdc       0x10 ./Core/Src/system_stm32h7xx.o
                0x0800acdc                D1CorePrescTable
 .rodata.UARTPrescTable
                0x0800acec       0x18 ./Drivers/STM32H7xx_HAL_Driver/Src/stm32h7xx_hal_uart.o
                0x0800acec                UARTPrescTable
 .rodata.numerator.1
                0x0800ad04        0x8 ./Drivers/STM32H7xx_HAL_Driver/Src/stm32h7xx_hal_uart_ex.o
 .rodata.denominator.0
                0x0800ad0c        0x8 ./Drivers/STM32H7xx_HAL_Driver/Src/stm32h7xx_hal_uart_ex.o
                0x0800ad14                        . = ALIGN (0x4)

.ARM.extab
 *(.ARM.extab* .gnu.linkonce.armextab.*)

.ARM            0x0800ad14        0x8
                0x0800ad14                        __exidx_start = .
 *(.ARM.exidx*)
 .ARM.exidx     0x0800ad14        0x8 C:/ST/STM32CubeIDE_2.1.1/STM32CubeIDE/plugins/com.st.stm32cube.ide.mcu.externaltools.gnu-tools-for-stm32.14.3.rel1.win32_1.0.100.202602081740/tools/bin/../lib/gcc/arm-none-eabi/14.3.1/thumb/v7e-m+dp/hard\libgcc.a(_udivmoddi4.o)
                0x0800ad1c                        __exidx_end = .

.preinit_array  0x0800ad1c        0x0
                0x0800ad1c                        PROVIDE (__preinit_array_start = .)
 *(.preinit_array*)
                0x0800ad1c                        PROVIDE (__preinit_array_end = .)

.init_array     0x0800ad1c        0x4
                0x0800ad1c                        PROVIDE (__init_array_start = .)
 *(SORT_BY_NAME(.init_array.*))
 *(.init_array*)
 .init_array    0x0800ad1c        0x4 C:/ST/STM32CubeIDE_2.1.1/STM32CubeIDE/plugins/com.st.stm32cube.ide.mcu.externaltools.gnu-tools-for-stm32.14.3.rel1.win32_1.0.100.202602081740/tools/bin/../lib/gcc/arm-none-eabi/14.3.1/thumb/v7e-m+dp/hard/crtbegin.o
                0x0800ad20                        PROVIDE (__init_array_end = .)

.fini_array     0x0800ad20        0x4
                [!provide]                        PROVIDE (__fini_array_start = .)
 *(SORT_BY_NAME(.fini_array.*))
 *(.fini_array*)
 .fini_array    0x0800ad20        0x4 C:/ST/STM32CubeIDE_2.1.1/STM32CubeIDE/plugins/com.st.stm32cube.ide.mcu.externaltools.gnu-tools-for-stm32.14.3.rel1.win32_1.0.100.202602081740/tools/bin/../lib/gcc/arm-none-eabi/14.3.1/thumb/v7e-m+dp/hard/crtbegin.o
                [!provide]                        PROVIDE (__fini_array_end = .)
                0x0800ad24                        _sidata = LOADADDR (.data)

.rel.dyn        0x0800ad24        0x0
 .rel.iplt      0x0800ad24        0x0 C:/ST/STM32CubeIDE_2.1.1/STM32CubeIDE/plugins/com.st.stm32cube.ide.mcu.externaltools.gnu-tools-for-stm32.14.3.rel1.win32_1.0.100.202602081740/tools/bin/../lib/gcc/arm-none-eabi/14.3.1/thumb/v7e-m+dp/hard/crtbegin.o

.data           0x24000000       0x10 load address 0x0800ad24
                0x24000000                        . = ALIGN (0x4)
                0x24000000                        _sdata = .
 *(.data)
 *(.data*)
 .data.SystemCoreClock
                0x24000000        0x4 ./Core/Src/system_stm32h7xx.o
                0x24000000                SystemCoreClock
 .data.SystemD2Clock
                0x24000004        0x4 ./Core/Src/system_stm32h7xx.o
                0x24000004                SystemD2Clock
 .data.uwTickPrio
                0x24000008        0x4 ./Drivers/STM32H7xx_HAL_Driver/Src/stm32h7xx_hal.o
                0x24000008                uwTickPrio
 .data.uwTickFreq
                0x2400000c        0x1 ./Drivers/STM32H7xx_HAL_Driver/Src/stm32h7xx_hal.o
                0x2400000c                uwTickFreq
 *(.RamFunc)
 *(.RamFunc*)
                0x24000010                        . = ALIGN (0x4)
 *fill*         0x2400000d        0x3 
                0x24000010                        _edata = .

.igot.plt       0x24000010        0x0 load address 0x0800ad34
 .igot.plt      0x24000010        0x0 C:/ST/STM32CubeIDE_2.1.1/STM32CubeIDE/plugins/com.st.stm32cube.ide.mcu.externaltools.gnu-tools-for-stm32.14.3.rel1.win32_1.0.100.202602081740/tools/bin/../lib/gcc/arm-none-eabi/14.3.1/thumb/v7e-m+dp/hard/crtbegin.o
                0x24000010                        . = ALIGN (0x4)

.bss            0x24000010      0x7e0 load address 0x0800ad34
                0x24000010                        _sbss = .
                0x24000010                        __bss_start__ = _sbss
 *(.bss)
 .bss           0x24000010       0x1c C:/ST/STM32CubeIDE_2.1.1/STM32CubeIDE/plugins/com.st.stm32cube.ide.mcu.externaltools.gnu-tools-for-stm32.14.3.rel1.win32_1.0.100.202602081740/tools/bin/../lib/gcc/arm-none-eabi/14.3.1/thumb/v7e-m+dp/hard/crtbegin.o
 *(.bss*)
 .bss.hi2c1     0x2400002c       0x54 ./Core/Src/main.o
                0x2400002c                hi2c1
 .bss.hltdc     0x24000080       0xa8 ./Core/Src/main.o
                0x24000080                hltdc
 .bss.hqspi     0x24000128       0x4c ./Core/Src/main.o
                0x24000128                hqspi
 .bss.hsd1      0x24000174       0x7c ./Core/Src/main.o
                0x24000174                hsd1
 .bss.htim12    0x240001f0       0x4c ./Core/Src/main.o
                0x240001f0                htim12
 .bss.huart1    0x2400023c       0x94 ./Core/Src/main.o
                0x2400023c                huart1
 .bss.hpcd_USB_OTG_FS
                0x240002d0      0x4e4 ./Core/Src/main.o
                0x240002d0                hpcd_USB_OTG_FS
 .bss.hsdram1   0x240007b4       0x34 ./Core/Src/main.o
                0x240007b4                hsdram1
 .bss.FMC_Initialized
                0x240007e8        0x4 ./Core/Src/stm32h7xx_hal_msp.o
 .bss.uwTick    0x240007ec        0x4 ./Drivers/STM32H7xx_HAL_Driver/Src/stm32h7xx_hal.o
                0x240007ec                uwTick
 *(COMMON)
                0x240007f0                        . = ALIGN (0x4)
                0x240007f0                        _ebss = .
                0x240007f0                        __bss_end__ = _ebss

._user_heap_stack
                0x240007f0      0x600 load address 0x0800ad34
                0x240007f0                        . = ALIGN (0x8)
                [!provide]                        PROVIDE (end = .)
                0x240007f0                        PROVIDE (_end = .)
                0x240009f0                        . = (. + _Min_Heap_Size)
 *fill*         0x240007f0      0x200 
                0x24000df0                        . = (. + _Min_Stack_Size)
 *fill*         0x240009f0      0x400 
                0x24000df0                        . = ALIGN (0x8)

/DISCARD/
 libc.a(*)
 libm.a(*)
 libgcc.a(*)

.ARM.attributes
                0x00000000       0x2e
 *(.ARM.attributes)
 .ARM.attributes
                0x00000000       0x20 C:/ST/STM32CubeIDE_2.1.1/STM32CubeIDE/plugins/com.st.stm32cube.ide.mcu.externaltools.gnu-tools-for-stm32.14.3.rel1.win32_1.0.100.202602081740/tools/bin/../lib/gcc/arm-none-eabi/14.3.1/thumb/v7e-m+dp/hard/crti.o
 .ARM.attributes
                0x00000020       0x32 C:/ST/STM32CubeIDE_2.1.1/STM32CubeIDE/plugins/com.st.stm32cube.ide.mcu.externaltools.gnu-tools-for-stm32.14.3.rel1.win32_1.0.100.202602081740/tools/bin/../lib/gcc/arm-none-eabi/14.3.1/thumb/v7e-m+dp/hard/crtbegin.o
 .ARM.attributes
                0x00000052       0x32 ./Core/Src/main.o
 .ARM.attributes
                0x00000084       0x32 ./Core/Src/stm32h7xx_hal_msp.o
 .ARM.attributes
                0x000000b6       0x32 ./Core/Src/stm32h7xx_it.o
 .ARM.attributes
                0x000000e8       0x32 ./Core/Src/system_stm32h7xx.o
 .ARM.attributes
                0x0000011a       0x21 ./Core/Startup/startup_stm32h743iitx.o
 .ARM.attributes
                0x0000013b       0x32 ./Drivers/STM32H7xx_HAL_Driver/Src/stm32h7xx_hal.o
 .ARM.attributes
                0x0000016d       0x32 ./Drivers/STM32H7xx_HAL_Driver/Src/stm32h7xx_hal_cortex.o
 .ARM.attributes
                0x0000019f       0x32 ./Drivers/STM32H7xx_HAL_Driver/Src/stm32h7xx_hal_gpio.o
 .ARM.attributes
                0x000001d1       0x32 ./Drivers/STM32H7xx_HAL_Driver/Src/stm32h7xx_hal_i2c.o
 .ARM.attributes
                0x00000203       0x32 ./Drivers/STM32H7xx_HAL_Driver/Src/stm32h7xx_hal_i2c_ex.o
 .ARM.attributes
                0x00000235       0x32 ./Drivers/STM32H7xx_HAL_Driver/Src/stm32h7xx_hal_ltdc.o
 .ARM.attributes
                0x00000267       0x32 ./Drivers/STM32H7xx_HAL_Driver/Src/stm32h7xx_hal_pcd.o
 .ARM.attributes
                0x00000299       0x32 ./Drivers/STM32H7xx_HAL_Driver/Src/stm32h7xx_hal_pcd_ex.o
 .ARM.attributes
                0x000002cb       0x32 ./Drivers/STM32H7xx_HAL_Driver/Src/stm32h7xx_hal_pwr_ex.o
 .ARM.attributes
                0x000002fd       0x32 ./Drivers/STM32H7xx_HAL_Driver/Src/stm32h7xx_hal_qspi.o
 .ARM.attributes
                0x0000032f       0x32 ./Drivers/STM32H7xx_HAL_Driver/Src/stm32h7xx_hal_rcc.o
 .ARM.attributes
                0x00000361       0x32 ./Drivers/STM32H7xx_HAL_Driver/Src/stm32h7xx_hal_rcc_ex.o
 .ARM.attributes
                0x00000393       0x32 ./Drivers/STM32H7xx_HAL_Driver/Src/stm32h7xx_hal_sd.o
 .ARM.attributes
                0x000003c5       0x32 ./Drivers/STM32H7xx_HAL_Driver/Src/stm32h7xx_hal_sdram.o
 .ARM.attributes
                0x000003f7       0x32 ./Drivers/STM32H7xx_HAL_Driver/Src/stm32h7xx_hal_tim.o
 .ARM.attributes
                0x00000429       0x32 ./Drivers/STM32H7xx_HAL_Driver/Src/stm32h7xx_hal_tim_ex.o
 .ARM.attributes
                0x0000045b       0x32 ./Drivers/STM32H7xx_HAL_Driver/Src/stm32h7xx_hal_uart.o
 .ARM.attributes
                0x0000048d       0x32 ./Drivers/STM32H7xx_HAL_Driver/Src/stm32h7xx_hal_uart_ex.o
 .ARM.attributes
                0x000004bf       0x32 ./Drivers/STM32H7xx_HAL_Driver/Src/stm32h7xx_ll_fmc.o
 .ARM.attributes
                0x000004f1       0x32 ./Drivers/STM32H7xx_HAL_Driver/Src/stm32h7xx_ll_sdmmc.o
 .ARM.attributes
                0x00000523       0x32 ./Drivers/STM32H7xx_HAL_Driver/Src/stm32h7xx_ll_usb.o
 .ARM.attributes
                0x00000555       0x32 C:/ST/STM32CubeIDE_2.1.1/STM32CubeIDE/plugins/com.st.stm32cube.ide.mcu.externaltools.gnu-tools-for-stm32.14.3.rel1.win32_1.0.100.202602081740/tools/bin/../lib/gcc/arm-none-eabi/14.3.1/../../../../arm-none-eabi/lib/thumb/v7e-m+dp/hard\libc_nano.a(libc_a-memset.o)
 .ARM.attributes
                0x00000587       0x32 C:/ST/STM32CubeIDE_2.1.1/STM32CubeIDE/plugins/com.st.stm32cube.ide.mcu.externaltools.gnu-tools-for-stm32.14.3.rel1.win32_1.0.100.202602081740/tools/bin/../lib/gcc/arm-none-eabi/14.3.1/../../../../arm-none-eabi/lib/thumb/v7e-m+dp/hard\libc_nano.a(libc_a-init.o)
 .ARM.attributes
                0x000005b9       0x20 C:/ST/STM32CubeIDE_2.1.1/STM32CubeIDE/plugins/com.st.stm32cube.ide.mcu.externaltools.gnu-tools-for-stm32.14.3.rel1.win32_1.0.100.202602081740/tools/bin/../lib/gcc/arm-none-eabi/14.3.1/thumb/v7e-m+dp/hard\libgcc.a(_aeabi_uldivmod.o)
 .ARM.attributes
                0x000005d9       0x32 C:/ST/STM32CubeIDE_2.1.1/STM32CubeIDE/plugins/com.st.stm32cube.ide.mcu.externaltools.gnu-tools-for-stm32.14.3.rel1.win32_1.0.100.202602081740/tools/bin/../lib/gcc/arm-none-eabi/14.3.1/thumb/v7e-m+dp/hard\libgcc.a(_udivmoddi4.o)
 .ARM.attributes
                0x0000060b       0x20 C:/ST/STM32CubeIDE_2.1.1/STM32CubeIDE/plugins/com.st.stm32cube.ide.mcu.externaltools.gnu-tools-for-stm32.14.3.rel1.win32_1.0.100.202602081740/tools/bin/../lib/gcc/arm-none-eabi/14.3.1/thumb/v7e-m+dp/hard\libgcc.a(_dvmd_tls.o)
 .ARM.attributes
                0x0000062b       0x20 C:/ST/STM32CubeIDE_2.1.1/STM32CubeIDE/plugins/com.st.stm32cube.ide.mcu.externaltools.gnu-tools-for-stm32.14.3.rel1.win32_1.0.100.202602081740/tools/bin/../lib/gcc/arm-none-eabi/14.3.1/thumb/v7e-m+dp/hard/crtn.o
OUTPUT(FK743M2-IIT6.elf elf32-littlearm)
LOAD linker stubs
LOAD C:/ST/STM32CubeIDE_2.1.1/STM32CubeIDE/plugins/com.st.stm32cube.ide.mcu.externaltools.gnu-tools-for-stm32.14.3.rel1.win32_1.0.100.202602081740/tools/bin/../lib/gcc/arm-none-eabi/14.3.1/../../../../arm-none-eabi/lib/thumb/v7e-m+dp/hard\libc.a
LOAD C:/ST/STM32CubeIDE_2.1.1/STM32CubeIDE/plugins/com.st.stm32cube.ide.mcu.externaltools.gnu-tools-for-stm32.14.3.rel1.win32_1.0.100.202602081740/tools/bin/../lib/gcc/arm-none-eabi/14.3.1/../../../../arm-none-eabi/lib/thumb/v7e-m+dp/hard\libm.a
LOAD C:/ST/STM32CubeIDE_2.1.1/STM32CubeIDE/plugins/com.st.stm32cube.ide.mcu.externaltools.gnu-tools-for-stm32.14.3.rel1.win32_1.0.100.202602081740/tools/bin/../lib/gcc/arm-none-eabi/14.3.1/thumb/v7e-m+dp/hard\libgcc.a

.debug_info     0x00000000    0x24799
 .debug_info    0x00000000     0x3363 ./Core/Src/main.o
 .debug_info    0x00003363     0x3049 ./Core/Src/stm32h7xx_hal_msp.o
 .debug_info    0x000063ac      0x128 ./Core/Src/stm32h7xx_it.o
 .debug_info    0x000064d4      0xdc1 ./Core/Src/system_stm32h7xx.o
 .debug_info    0x00007295       0x30 ./Core/Startup/startup_stm32h743iitx.o
 .debug_info    0x000072c5     0x153b ./Drivers/STM32H7xx_HAL_Driver/Src/stm32h7xx_hal.o
 .debug_info    0x00008800     0x10be ./Drivers/STM32H7xx_HAL_Driver/Src/stm32h7xx_hal_cortex.o
 .debug_info    0x000098be      0xc5a ./Drivers/STM32H7xx_HAL_Driver/Src/stm32h7xx_hal_gpio.o
 .debug_info    0x0000a518     0x22ba ./Drivers/STM32H7xx_HAL_Driver/Src/stm32h7xx_hal_i2c.o
 .debug_info    0x0000c7d2      0xd84 ./Drivers/STM32H7xx_HAL_Driver/Src/stm32h7xx_hal_i2c_ex.o
 .debug_info    0x0000d556     0x1051 ./Drivers/STM32H7xx_HAL_Driver/Src/stm32h7xx_hal_ltdc.o
 .debug_info    0x0000e5a7     0x1561 ./Drivers/STM32H7xx_HAL_Driver/Src/stm32h7xx_hal_pcd.o
 .debug_info    0x0000fb08      0x8b3 ./Drivers/STM32H7xx_HAL_Driver/Src/stm32h7xx_hal_pcd_ex.o
 .debug_info    0x000103bb     0x1021 ./Drivers/STM32H7xx_HAL_Driver/Src/stm32h7xx_hal_pwr_ex.o
 .debug_info    0x000113dc     0x1354 ./Drivers/STM32H7xx_HAL_Driver/Src/stm32h7xx_hal_qspi.o
 .debug_info    0x00012730      0xe74 ./Drivers/STM32H7xx_HAL_Driver/Src/stm32h7xx_hal_rcc.o
 .debug_info    0x000135a4     0x1225 ./Drivers/STM32H7xx_HAL_Driver/Src/stm32h7xx_hal_rcc_ex.o
 .debug_info    0x000147c9     0x1a93 ./Drivers/STM32H7xx_HAL_Driver/Src/stm32h7xx_hal_sd.o
 .debug_info    0x0001625c     0x107c ./Drivers/STM32H7xx_HAL_Driver/Src/stm32h7xx_hal_sdram.o
 .debug_info    0x000172d8     0x2bae ./Drivers/STM32H7xx_HAL_Driver/Src/stm32h7xx_hal_tim.o
 .debug_info    0x00019e86     0x17eb ./Drivers/STM32H7xx_HAL_Driver/Src/stm32h7xx_hal_tim_ex.o
 .debug_info    0x0001b671     0x4b53 ./Drivers/STM32H7xx_HAL_Driver/Src/stm32h7xx_hal_uart.o
 .debug_info    0x000201c4      0xfbe ./Drivers/STM32H7xx_HAL_Driver/Src/stm32h7xx_hal_uart_ex.o
 .debug_info    0x00021182      0xbe3 ./Drivers/STM32H7xx_HAL_Driver/Src/stm32h7xx_ll_fmc.o
 .debug_info    0x00021d65     0x142c ./Drivers/STM32H7xx_HAL_Driver/Src/stm32h7xx_ll_sdmmc.o
 .debug_info    0x00023191     0x1608 ./Drivers/STM32H7xx_HAL_Driver/Src/stm32h7xx_ll_usb.o

.debug_abbrev   0x00000000     0x3bca
 .debug_abbrev  0x00000000      0x33e ./Core/Src/main.o
 .debug_abbrev  0x0000033e      0x2fc ./Core/Src/stm32h7xx_hal_msp.o
 .debug_abbrev  0x0000063a       0x73 ./Core/Src/stm32h7xx_it.o
 .debug_abbrev  0x000006ad      0x165 ./Core/Src/system_stm32h7xx.o
 .debug_abbrev  0x00000812       0x24 ./Core/Startup/startup_stm32h743iitx.o
 .debug_abbrev  0x00000836      0x295 ./Drivers/STM32H7xx_HAL_Driver/Src/stm32h7xx_hal.o
 .debug_abbrev  0x00000acb      0x339 ./Drivers/STM32H7xx_HAL_Driver/Src/stm32h7xx_hal_cortex.o
 .debug_abbrev  0x00000e04      0x205 ./Drivers/STM32H7xx_HAL_Driver/Src/stm32h7xx_hal_gpio.o
 .debug_abbrev  0x00001009      0x25d ./Drivers/STM32H7xx_HAL_Driver/Src/stm32h7xx_hal_i2c.o
 .debug_abbrev  0x00001266      0x1f5 ./Drivers/STM32H7xx_HAL_Driver/Src/stm32h7xx_hal_i2c_ex.o
 .debug_abbrev  0x0000145b      0x23a ./Drivers/STM32H7xx_HAL_Driver/Src/stm32h7xx_hal_ltdc.o
 .debug_abbrev  0x00001695      0x2dc ./Drivers/STM32H7xx_HAL_Driver/Src/stm32h7xx_hal_pcd.o
 .debug_abbrev  0x00001971      0x256 ./Drivers/STM32H7xx_HAL_Driver/Src/stm32h7xx_hal_pcd_ex.o
 .debug_abbrev  0x00001bc7      0x2a7 ./Drivers/STM32H7xx_HAL_Driver/Src/stm32h7xx_hal_pwr_ex.o
 .debug_abbrev  0x00001e6e      0x24d ./Drivers/STM32H7xx_HAL_Driver/Src/stm32h7xx_hal_qspi.o
 .debug_abbrev  0x000020bb      0x2c8 ./Drivers/STM32H7xx_HAL_Driver/Src/stm32h7xx_hal_rcc.o
 .debug_abbrev  0x00002383      0x269 ./Drivers/STM32H7xx_HAL_Driver/Src/stm32h7xx_hal_rcc_ex.o
 .debug_abbrev  0x000025ec      0x26b ./Drivers/STM32H7xx_HAL_Driver/Src/stm32h7xx_hal_sd.o
 .debug_abbrev  0x00002857      0x209 ./Drivers/STM32H7xx_HAL_Driver/Src/stm32h7xx_hal_sdram.o
 .debug_abbrev  0x00002a60      0x276 ./Drivers/STM32H7xx_HAL_Driver/Src/stm32h7xx_hal_tim.o
 .debug_abbrev  0x00002cd6      0x281 ./Drivers/STM32H7xx_HAL_Driver/Src/stm32h7xx_hal_tim_ex.o
 .debug_abbrev  0x00002f57      0x33d ./Drivers/STM32H7xx_HAL_Driver/Src/stm32h7xx_hal_uart.o
 .debug_abbrev  0x00003294      0x2d2 ./Drivers/STM32H7xx_HAL_Driver/Src/stm32h7xx_hal_uart_ex.o
 .debug_abbrev  0x00003566      0x1ac ./Drivers/STM32H7xx_HAL_Driver/Src/stm32h7xx_ll_fmc.o
 .debug_abbrev  0x00003712      0x206 ./Drivers/STM32H7xx_HAL_Driver/Src/stm32h7xx_ll_sdmmc.o
 .debug_abbrev  0x00003918      0x2b2 ./Drivers/STM32H7xx_HAL_Driver/Src/stm32h7xx_ll_usb.o

.debug_aranges  0x00000000     0x1df0
 .debug_aranges
                0x00000000       0x80 ./Core/Src/main.o
 .debug_aranges
                0x00000080       0xb8 ./Core/Src/stm32h7xx_hal_msp.o
 .debug_aranges
                0x00000138       0x60 ./Core/Src/stm32h7xx_it.o
 .debug_aranges
                0x00000198       0x30 ./Core/Src/system_stm32h7xx.o
 .debug_aranges
                0x000001c8       0x28 ./Core/Startup/startup_stm32h743iitx.o
 .debug_aranges
                0x000001f0      0x198 ./Drivers/STM32H7xx_HAL_Driver/Src/stm32h7xx_hal.o
 .debug_aranges
                0x00000388      0x130 ./Drivers/STM32H7xx_HAL_Driver/Src/stm32h7xx_hal_cortex.o
 .debug_aranges
                0x000004b8       0x58 ./Drivers/STM32H7xx_HAL_Driver/Src/stm32h7xx_hal_gpio.o
 .debug_aranges
                0x00000510      0x2a0 ./Drivers/STM32H7xx_HAL_Driver/Src/stm32h7xx_hal_i2c.o
 .debug_aranges
                0x000007b0       0x48 ./Drivers/STM32H7xx_HAL_Driver/Src/stm32h7xx_hal_i2c_ex.o
 .debug_aranges
                0x000007f8      0x158 ./Drivers/STM32H7xx_HAL_Driver/Src/stm32h7xx_hal_ltdc.o
 .debug_aranges
                0x00000950      0x140 ./Drivers/STM32H7xx_HAL_Driver/Src/stm32h7xx_hal_pcd.o
 .debug_aranges
                0x00000a90       0x60 ./Drivers/STM32H7xx_HAL_Driver/Src/stm32h7xx_hal_pcd_ex.o
 .debug_aranges
                0x00000af0      0x158 ./Drivers/STM32H7xx_HAL_Driver/Src/stm32h7xx_hal_pwr_ex.o
 .debug_aranges
                0x00000c48      0x160 ./Drivers/STM32H7xx_HAL_Driver/Src/stm32h7xx_hal_qspi.o
 .debug_aranges
                0x00000da8       0x88 ./Drivers/STM32H7xx_HAL_Driver/Src/stm32h7xx_hal_rcc.o
 .debug_aranges
                0x00000e30       0xf8 ./Drivers/STM32H7xx_HAL_Driver/Src/stm32h7xx_hal_rcc_ex.o
 .debug_aranges
                0x00000f28      0x170 ./Drivers/STM32H7xx_HAL_Driver/Src/stm32h7xx_hal_sd.o
 .debug_aranges
                0x00001098       0xe8 ./Drivers/STM32H7xx_HAL_Driver/Src/stm32h7xx_hal_sdram.o
 .debug_aranges
                0x00001180      0x3e0 ./Drivers/STM32H7xx_HAL_Driver/Src/stm32h7xx_hal_tim.o
 .debug_aranges
                0x00001560      0x188 ./Drivers/STM32H7xx_HAL_Driver/Src/stm32h7xx_hal_tim_ex.o
 .debug_aranges
                0x000016e8      0x248 ./Drivers/STM32H7xx_HAL_Driver/Src/stm32h7xx_hal_uart.o
 .debug_aranges
                0x00001930       0xa8 ./Drivers/STM32H7xx_HAL_Driver/Src/stm32h7xx_hal_uart_ex.o
 .debug_aranges
                0x000019d8       0xc8 ./Drivers/STM32H7xx_HAL_Driver/Src/stm32h7xx_ll_fmc.o
 .debug_aranges
                0x00001aa0      0x1d0 ./Drivers/STM32H7xx_HAL_Driver/Src/stm32h7xx_ll_sdmmc.o
 .debug_aranges
                0x00001c70      0x180 ./Drivers/STM32H7xx_HAL_Driver/Src/stm32h7xx_ll_usb.o

.debug_rnglists
                0x00000000     0x1776
 .debug_rnglists
                0x00000000       0x62 ./Core/Src/main.o
 .debug_rnglists
                0x00000062       0x8d ./Core/Src/stm32h7xx_hal_msp.o
 .debug_rnglists
                0x000000ef       0x43 ./Core/Src/stm32h7xx_it.o
 .debug_rnglists
                0x00000132       0x21 ./Core/Src/system_stm32h7xx.o
 .debug_rnglists
                0x00000153       0x19 ./Core/Startup/startup_stm32h743iitx.o
 .debug_rnglists
                0x0000016c      0x131 ./Drivers/STM32H7xx_HAL_Driver/Src/stm32h7xx_hal.o
 .debug_rnglists
                0x0000029d       0xe0 ./Drivers/STM32H7xx_HAL_Driver/Src/stm32h7xx_hal_cortex.o
 .debug_rnglists
                0x0000037d       0x3f ./Drivers/STM32H7xx_HAL_Driver/Src/stm32h7xx_hal_gpio.o
 .debug_rnglists
                0x000003bc      0x22a ./Drivers/STM32H7xx_HAL_Driver/Src/stm32h7xx_hal_i2c.o
 .debug_rnglists
                0x000005e6       0x35 ./Drivers/STM32H7xx_HAL_Driver/Src/stm32h7xx_hal_i2c_ex.o
 .debug_rnglists
                0x0000061b      0x10a ./Drivers/STM32H7xx_HAL_Driver/Src/stm32h7xx_hal_ltdc.o
 .debug_rnglists
                0x00000725       0xf4 ./Drivers/STM32H7xx_HAL_Driver/Src/stm32h7xx_hal_pcd.o
 .debug_rnglists
                0x00000819       0x45 ./Drivers/STM32H7xx_HAL_Driver/Src/stm32h7xx_hal_pcd_ex.o
 .debug_rnglists
                0x0000085e      0x103 ./Drivers/STM32H7xx_HAL_Driver/Src/stm32h7xx_hal_pwr_ex.o
 .debug_rnglists
                0x00000961      0x113 ./Drivers/STM32H7xx_HAL_Driver/Src/stm32h7xx_hal_qspi.o
 .debug_rnglists
                0x00000a74       0x68 ./Drivers/STM32H7xx_HAL_Driver/Src/stm32h7xx_hal_rcc.o
 .debug_rnglists
                0x00000adc       0xc0 ./Drivers/STM32H7xx_HAL_Driver/Src/stm32h7xx_hal_rcc_ex.o
 .debug_rnglists
                0x00000b9c      0x128 ./Drivers/STM32H7xx_HAL_Driver/Src/stm32h7xx_hal_sd.o
 .debug_rnglists
                0x00000cc4       0xb1 ./Drivers/STM32H7xx_HAL_Driver/Src/stm32h7xx_hal_sdram.o
 .debug_rnglists
                0x00000d75      0x32c ./Drivers/STM32H7xx_HAL_Driver/Src/stm32h7xx_hal_tim.o
 .debug_rnglists
                0x000010a1      0x13f ./Drivers/STM32H7xx_HAL_Driver/Src/stm32h7xx_hal_tim_ex.o
 .debug_rnglists
                0x000011e0      0x1f8 ./Drivers/STM32H7xx_HAL_Driver/Src/stm32h7xx_hal_uart.o
 .debug_rnglists
                0x000013d8       0x7f ./Drivers/STM32H7xx_HAL_Driver/Src/stm32h7xx_hal_uart_ex.o
 .debug_rnglists
                0x00001457       0x95 ./Drivers/STM32H7xx_HAL_Driver/Src/stm32h7xx_ll_fmc.o
 .debug_rnglists
                0x000014ec      0x15e ./Drivers/STM32H7xx_HAL_Driver/Src/stm32h7xx_ll_sdmmc.o
 .debug_rnglists
                0x0000164a      0x12c ./Drivers/STM32H7xx_HAL_Driver/Src/stm32h7xx_ll_usb.o

.debug_macro    0x00000000    0x3b367
 .debug_macro   0x00000000      0x358 ./Core/Src/main.o
 .debug_macro   0x00000358      0xaf6 ./Core/Src/main.o
 .debug_macro   0x00000e4e      0x256 ./Core/Src/main.o
 .debug_macro   0x000010a4       0x2e ./Core/Src/main.o
 .debug_macro   0x000010d2       0x3b ./Core/Src/main.o
 .debug_macro   0x0000110d       0x22 ./Core/Src/main.o
 .debug_macro   0x0000112f       0x8e ./Core/Src/main.o
 .debug_macro   0x000011bd       0x51 ./Core/Src/main.o
 .debug_macro   0x0000120e      0x103 ./Core/Src/main.o
 .debug_macro   0x00001311       0x6a ./Core/Src/main.o
 .debug_macro   0x0000137b      0x1df ./Core/Src/main.o
 .debug_macro   0x0000155a       0x1c ./Core/Src/main.o
 .debug_macro   0x00001576       0x22 ./Core/Src/main.o
 .debug_macro   0x00001598       0xfb ./Core/Src/main.o
 .debug_macro   0x00001693     0x1313 ./Core/Src/main.o
 .debug_macro   0x000029a6      0x11f ./Core/Src/main.o
 .debug_macro   0x00002ac5       0x22 ./Core/Src/main.o
 .debug_macro   0x00002ae7    0x25bb3 ./Core/Src/main.o
 .debug_macro   0x0002869a       0x6d ./Core/Src/main.o
 .debug_macro   0x00028707     0x3d79 ./Core/Src/main.o
 .debug_macro   0x0002c480      0x190 ./Core/Src/main.o
 .debug_macro   0x0002c610       0x61 ./Core/Src/main.o
 .debug_macro   0x0002c671       0x29 ./Core/Src/main.o
 .debug_macro   0x0002c69a       0x43 ./Core/Src/main.o
 .debug_macro   0x0002c6dd       0x34 ./Core/Src/main.o
 .debug_macro   0x0002c711      0x364 ./Core/Src/main.o
 .debug_macro   0x0002ca75       0x16 ./Core/Src/main.o
 .debug_macro   0x0002ca8b       0x4a ./Core/Src/main.o
 .debug_macro   0x0002cad5       0x34 ./Core/Src/main.o
 .debug_macro   0x0002cb09       0x10 ./Core/Src/main.o
 .debug_macro   0x0002cb19       0x58 ./Core/Src/main.o
 .debug_macro   0x0002cb71       0x8e ./Core/Src/main.o
 .debug_macro   0x0002cbff       0x1c ./Core/Src/main.o
 .debug_macro   0x0002cc1b      0x17e ./Core/Src/main.o
 .debug_macro   0x0002cd99      0x19b ./Core/Src/main.o
 .debug_macro   0x0002cf34       0x5d ./Core/Src/main.o
 .debug_macro   0x0002cf91     0x2382 ./Core/Src/main.o
 .debug_macro   0x0002f313     0x102c ./Core/Src/main.o
 .debug_macro   0x0003033f      0x154 ./Core/Src/main.o
 .debug_macro   0x00030493      0x114 ./Core/Src/main.o
 .debug_macro   0x000305a7      0x3b6 ./Core/Src/main.o
 .debug_macro   0x0003095d       0xac ./Core/Src/main.o
 .debug_macro   0x00030a09      0x72d ./Core/Src/main.o
 .debug_macro   0x00031136      0x228 ./Core/Src/main.o
 .debug_macro   0x0003135e       0x66 ./Core/Src/main.o
 .debug_macro   0x000313c4      0x3bb ./Core/Src/main.o
 .debug_macro   0x0003177f      0x3e4 ./Core/Src/main.o
 .debug_macro   0x00031b63      0x275 ./Core/Src/main.o
 .debug_macro   0x00031dd8      0x3ca ./Core/Src/main.o
 .debug_macro   0x000321a2      0x408 ./Core/Src/main.o
 .debug_macro   0x000325aa       0x51 ./Core/Src/main.o
 .debug_macro   0x000325fb       0x4a ./Core/Src/main.o
 .debug_macro   0x00032645      0x22c ./Core/Src/main.o
 .debug_macro   0x00032871       0x67 ./Core/Src/main.o
 .debug_macro   0x000328d8       0xa5 ./Core/Src/main.o
 .debug_macro   0x0003297d      0x198 ./Core/Src/main.o
 .debug_macro   0x00032b15       0xd6 ./Core/Src/main.o
 .debug_macro   0x00032beb      0x1c4 ./Core/Src/main.o
 .debug_macro   0x00032daf      0x25e ./Core/Src/main.o
 .debug_macro   0x0003300d       0x35 ./Core/Src/main.o
 .debug_macro   0x00033042       0x16 ./Core/Src/main.o
 .debug_macro   0x00033058      0x2e3 ./Core/Src/main.o
 .debug_macro   0x0003333b      0xa0c ./Core/Src/main.o
 .debug_macro   0x00033d47      0x1ce ./Core/Src/main.o
 .debug_macro   0x00033f15      0x512 ./Core/Src/main.o
 .debug_macro   0x00034427      0xafa ./Core/Src/main.o
 .debug_macro   0x00034f21      0x29f ./Core/Src/main.o
 .debug_macro   0x000351c0      0x693 ./Core/Src/main.o
 .debug_macro   0x00035853       0xa6 ./Core/Src/main.o
 .debug_macro   0x000358f9      0x2b6 ./Core/Src/main.o
 .debug_macro   0x00035baf       0x90 ./Core/Src/main.o
 .debug_macro   0x00035c3f      0x5ac ./Core/Src/main.o
 .debug_macro   0x000361eb       0x4c ./Core/Src/main.o
 .debug_macro   0x00036237      0x358 ./Core/Src/stm32h7xx_hal_msp.o
 .debug_macro   0x0003658f      0x362 ./Core/Src/stm32h7xx_it.o
 .debug_macro   0x000368f1      0x349 ./Core/Src/system_stm32h7xx.o
 .debug_macro   0x00036c3a      0x373 ./Drivers/STM32H7xx_HAL_Driver/Src/stm32h7xx_hal.o
 .debug_macro   0x00036fad      0x349 ./Drivers/STM32H7xx_HAL_Driver/Src/stm32h7xx_hal_cortex.o
 .debug_macro   0x000372f6      0x350 ./Drivers/STM32H7xx_HAL_Driver/Src/stm32h7xx_hal_gpio.o
 .debug_macro   0x00037646      0x415 ./Drivers/STM32H7xx_HAL_Driver/Src/stm32h7xx_hal_i2c.o
 .debug_macro   0x00037a5b      0x349 ./Drivers/STM32H7xx_HAL_Driver/Src/stm32h7xx_hal_i2c_ex.o
 .debug_macro   0x00037da4      0x351 ./Drivers/STM32H7xx_HAL_Driver/Src/stm32h7xx_hal_ltdc.o
 .debug_macro   0x000380f5      0x355 ./Drivers/STM32H7xx_HAL_Driver/Src/stm32h7xx_hal_pcd.o
 .debug_macro   0x0003844a      0x349 ./Drivers/STM32H7xx_HAL_Driver/Src/stm32h7xx_hal_pcd_ex.o
 .debug_macro   0x00038793      0x382 ./Drivers/STM32H7xx_HAL_Driver/Src/stm32h7xx_hal_pwr_ex.o
 .debug_macro   0x00038b15      0x36d ./Drivers/STM32H7xx_HAL_Driver/Src/stm32h7xx_hal_qspi.o
 .debug_macro   0x00038e82      0x36d ./Drivers/STM32H7xx_HAL_Driver/Src/stm32h7xx_hal_rcc.o
 .debug_macro   0x000391ef      0x367 ./Drivers/STM32H7xx_HAL_Driver/Src/stm32h7xx_hal_rcc_ex.o
 .debug_macro   0x00039556      0x366 ./Drivers/STM32H7xx_HAL_Driver/Src/stm32h7xx_hal_sd.o
 .debug_macro   0x000398bc      0x349 ./Drivers/STM32H7xx_HAL_Driver/Src/stm32h7xx_hal_sdram.o
 .debug_macro   0x00039c05      0x34a ./Drivers/STM32H7xx_HAL_Driver/Src/stm32h7xx_hal_tim.o
 .debug_macro   0x00039f4f      0x349 ./Drivers/STM32H7xx_HAL_Driver/Src/stm32h7xx_hal_tim_ex.o
 .debug_macro   0x0003a298      0x374 ./Drivers/STM32H7xx_HAL_Driver/Src/stm32h7xx_hal_uart.o
 .debug_macro   0x0003a60c      0x355 ./Drivers/STM32H7xx_HAL_Driver/Src/stm32h7xx_hal_uart_ex.o
 .debug_macro   0x0003a961      0x373 ./Drivers/STM32H7xx_HAL_Driver/Src/stm32h7xx_ll_fmc.o
 .debug_macro   0x0003acd4      0x34a ./Drivers/STM32H7xx_HAL_Driver/Src/stm32h7xx_ll_sdmmc.o
 .debug_macro   0x0003b01e      0x349 ./Drivers/STM32H7xx_HAL_Driver/Src/stm32h7xx_ll_usb.o

.debug_line     0x00000000    0x26052
 .debug_line    0x00000000      0xe4e ./Core/Src/main.o
 .debug_line    0x00000e4e      0xed0 ./Core/Src/stm32h7xx_hal_msp.o
 .debug_line    0x00001d1e      0xac6 ./Core/Src/stm32h7xx_it.o
 .debug_line    0x000027e4      0xc1f ./Core/Src/system_stm32h7xx.o
 .debug_line    0x00003403       0x7b ./Core/Startup/startup_stm32h743iitx.o
 .debug_line    0x0000347e      0xff2 ./Drivers/STM32H7xx_HAL_Driver/Src/stm32h7xx_hal.o
 .debug_line    0x00004470      0xfd5 ./Drivers/STM32H7xx_HAL_Driver/Src/stm32h7xx_hal_cortex.o
 .debug_line    0x00005445      0xe88 ./Drivers/STM32H7xx_HAL_Driver/Src/stm32h7xx_hal_gpio.o
 .debug_line    0x000062cd     0x3d5f ./Drivers/STM32H7xx_HAL_Driver/Src/stm32h7xx_hal_i2c.o
 .debug_line    0x0000a02c      0xb7d ./Drivers/STM32H7xx_HAL_Driver/Src/stm32h7xx_hal_i2c_ex.o
 .debug_line    0x0000aba9     0x1619 ./Drivers/STM32H7xx_HAL_Driver/Src/stm32h7xx_hal_ltdc.o
 .debug_line    0x0000c1c2     0x1760 ./Drivers/STM32H7xx_HAL_Driver/Src/stm32h7xx_hal_pcd.o
 .debug_line    0x0000d922      0xc1d ./Drivers/STM32H7xx_HAL_Driver/Src/stm32h7xx_hal_pcd_ex.o
 .debug_line    0x0000e53f     0x1173 ./Drivers/STM32H7xx_HAL_Driver/Src/stm32h7xx_hal_pwr_ex.o
 .debug_line    0x0000f6b2     0x16d5 ./Drivers/STM32H7xx_HAL_Driver/Src/stm32h7xx_hal_qspi.o
 .debug_line    0x00010d87     0x1696 ./Drivers/STM32H7xx_HAL_Driver/Src/stm32h7xx_hal_rcc.o
 .debug_line    0x0001241d     0x1fa2 ./Drivers/STM32H7xx_HAL_Driver/Src/stm32h7xx_hal_rcc_ex.o
 .debug_line    0x000143bf     0x2302 ./Drivers/STM32H7xx_HAL_Driver/Src/stm32h7xx_hal_sd.o
 .debug_line    0x000166c1     0x1023 ./Drivers/STM32H7xx_HAL_Driver/Src/stm32h7xx_hal_sdram.o
 .debug_line    0x000176e4     0x41c7 ./Drivers/STM32H7xx_HAL_Driver/Src/stm32h7xx_hal_tim.o
 .debug_line    0x0001b8ab     0x1eb5 ./Drivers/STM32H7xx_HAL_Driver/Src/stm32h7xx_hal_tim_ex.o
 .debug_line    0x0001d760     0x3b6d ./Drivers/STM32H7xx_HAL_Driver/Src/stm32h7xx_hal_uart.o
 .debug_line    0x000212cd      0xf7b ./Drivers/STM32H7xx_HAL_Driver/Src/stm32h7xx_hal_uart_ex.o
 .debug_line    0x00022248      0xe17 ./Drivers/STM32H7xx_HAL_Driver/Src/stm32h7xx_ll_fmc.o
 .debug_line    0x0002305f     0x1479 ./Drivers/STM32H7xx_HAL_Driver/Src/stm32h7xx_ll_sdmmc.o
 .debug_line    0x000244d8     0x1b7a ./Drivers/STM32H7xx_HAL_Driver/Src/stm32h7xx_ll_usb.o

.debug_str      0x00000000   0x174809
 .debug_str     0x00000000   0x174809 ./Core/Src/main.o
                             0x16c58e (size before relaxing)
 .debug_str     0x00174809   0x16c336 ./Core/Src/stm32h7xx_hal_msp.o
 .debug_str     0x00174809   0x16a245 ./Core/Src/stm32h7xx_it.o
 .debug_str     0x00174809   0x16a63c ./Core/Src/system_stm32h7xx.o
 .debug_str     0x00174809       0x77 ./Core/Startup/startup_stm32h743iitx.o
 .debug_str     0x00174809   0x16b50c ./Drivers/STM32H7xx_HAL_Driver/Src/stm32h7xx_hal.o
 .debug_str     0x00174809   0x16af4e ./Drivers/STM32H7xx_HAL_Driver/Src/stm32h7xx_hal_cortex.o
 .debug_str     0x00174809   0x16a5ad ./Drivers/STM32H7xx_HAL_Driver/Src/stm32h7xx_hal_gpio.o
 .debug_str     0x00174809   0x16b64e ./Drivers/STM32H7xx_HAL_Driver/Src/stm32h7xx_hal_i2c.o
 .debug_str     0x00174809   0x16a9f2 ./Drivers/STM32H7xx_HAL_Driver/Src/stm32h7xx_hal_i2c_ex.o
 .debug_str     0x00174809   0x16a8c3 ./Drivers/STM32H7xx_HAL_Driver/Src/stm32h7xx_hal_ltdc.o
 .debug_str     0x00174809   0x16ad61 ./Drivers/STM32H7xx_HAL_Driver/Src/stm32h7xx_hal_pcd.o
 .debug_str     0x00174809   0x16a6ff ./Drivers/STM32H7xx_HAL_Driver/Src/stm32h7xx_hal_pcd_ex.o
 .debug_str     0x00174809   0x16aa75 ./Drivers/STM32H7xx_HAL_Driver/Src/stm32h7xx_hal_pwr_ex.o
 .debug_str     0x00174809   0x16ad77 ./Drivers/STM32H7xx_HAL_Driver/Src/stm32h7xx_hal_qspi.o
 .debug_str     0x00174809   0x16a991 ./Drivers/STM32H7xx_HAL_Driver/Src/stm32h7xx_hal_rcc.o
 .debug_str     0x00174809   0x16ae72 ./Drivers/STM32H7xx_HAL_Driver/Src/stm32h7xx_hal_rcc_ex.o
 .debug_str     0x00174809   0x16af8c ./Drivers/STM32H7xx_HAL_Driver/Src/stm32h7xx_hal_sd.o
 .debug_str     0x00174809   0x16aa7b ./Drivers/STM32H7xx_HAL_Driver/Src/stm32h7xx_hal_sdram.o
 .debug_str     0x00174809   0x16b730 ./Drivers/STM32H7xx_HAL_Driver/Src/stm32h7xx_hal_tim.o
 .debug_str     0x00174809   0x16b058 ./Drivers/STM32H7xx_HAL_Driver/Src/stm32h7xx_hal_tim_ex.o
 .debug_str     0x00174809   0x16b4d2 ./Drivers/STM32H7xx_HAL_Driver/Src/stm32h7xx_hal_uart.o
 .debug_str     0x00174809   0x16aa92 ./Drivers/STM32H7xx_HAL_Driver/Src/stm32h7xx_hal_uart_ex.o
 .debug_str     0x00174809   0x16ab2b ./Drivers/STM32H7xx_HAL_Driver/Src/stm32h7xx_ll_fmc.o
 .debug_str     0x00174809   0x16a812 ./Drivers/STM32H7xx_HAL_Driver/Src/stm32h7xx_ll_sdmmc.o
 .debug_str     0x00174809   0x16a9fe ./Drivers/STM32H7xx_HAL_Driver/Src/stm32h7xx_ll_usb.o

.comment        0x00000000       0x43
 .comment       0x00000000       0x43 ./Core/Src/main.o
                                 0x44 (size before relaxing)
 .comment       0x00000043       0x44 ./Core/Src/stm32h7xx_hal_msp.o
 .comment       0x00000043       0x44 ./Core/Src/stm32h7xx_it.o
 .comment       0x00000043       0x44 ./Core/Src/system_stm32h7xx.o
 .comment       0x00000043       0x44 ./Drivers/STM32H7xx_HAL_Driver/Src/stm32h7xx_hal.o
 .comment       0x00000043       0x44 ./Drivers/STM32H7xx_HAL_Driver/Src/stm32h7xx_hal_cortex.o
 .comment       0x00000043       0x44 ./Drivers/STM32H7xx_HAL_Driver/Src/stm32h7xx_hal_gpio.o
 .comment       0x00000043       0x44 ./Drivers/STM32H7xx_HAL_Driver/Src/stm32h7xx_hal_i2c.o
 .comment       0x00000043       0x44 ./Drivers/STM32H7xx_HAL_Driver/Src/stm32h7xx_hal_i2c_ex.o
 .comment       0x00000043       0x44 ./Drivers/STM32H7xx_HAL_Driver/Src/stm32h7xx_hal_ltdc.o
 .comment       0x00000043       0x44 ./Drivers/STM32H7xx_HAL_Driver/Src/stm32h7xx_hal_pcd.o
 .comment       0x00000043       0x44 ./Drivers/STM32H7xx_HAL_Driver/Src/stm32h7xx_hal_pcd_ex.o
 .comment       0x00000043       0x44 ./Drivers/STM32H7xx_HAL_Driver/Src/stm32h7xx_hal_pwr_ex.o
 .comment       0x00000043       0x44 ./Drivers/STM32H7xx_HAL_Driver/Src/stm32h7xx_hal_qspi.o
 .comment       0x00000043       0x44 ./Drivers/STM32H7xx_HAL_Driver/Src/stm32h7xx_hal_rcc.o
 .comment       0x00000043       0x44 ./Drivers/STM32H7xx_HAL_Driver/Src/stm32h7xx_hal_rcc_ex.o
 .comment       0x00000043       0x44 ./Drivers/STM32H7xx_HAL_Driver/Src/stm32h7xx_hal_sd.o
 .comment       0x00000043       0x44 ./Drivers/STM32H7xx_HAL_Driver/Src/stm32h7xx_hal_sdram.o
 .comment       0x00000043       0x44 ./Drivers/STM32H7xx_HAL_Driver/Src/stm32h7xx_hal_tim.o
 .comment       0x00000043       0x44 ./Drivers/STM32H7xx_HAL_Driver/Src/stm32h7xx_hal_tim_ex.o
 .comment       0x00000043       0x44 ./Drivers/STM32H7xx_HAL_Driver/Src/stm32h7xx_hal_uart.o
 .comment       0x00000043       0x44 ./Drivers/STM32H7xx_HAL_Driver/Src/stm32h7xx_hal_uart_ex.o
 .comment       0x00000043       0x44 ./Drivers/STM32H7xx_HAL_Driver/Src/stm32h7xx_ll_fmc.o
 .comment       0x00000043       0x44 ./Drivers/STM32H7xx_HAL_Driver/Src/stm32h7xx_ll_sdmmc.o
 .comment       0x00000043       0x44 ./Drivers/STM32H7xx_HAL_Driver/Src/stm32h7xx_ll_usb.o

.debug_frame    0x00000000     0x7c64
 .debug_frame   0x00000000      0x1a8 ./Core/Src/main.o
 .debug_frame   0x000001a8      0x2f4 ./Core/Src/stm32h7xx_hal_msp.o
 .debug_frame   0x0000049c       0xf8 ./Core/Src/stm32h7xx_it.o
 .debug_frame   0x00000594       0x60 ./Core/Src/system_stm32h7xx.o
 .debug_frame   0x000005f4      0x5e8 ./Drivers/STM32H7xx_HAL_Driver/Src/stm32h7xx_hal.o
 .debug_frame   0x00000bdc      0x4b8 ./Drivers/STM32H7xx_HAL_Driver/Src/stm32h7xx_hal_cortex.o
 .debug_frame   0x00001094      0x130 ./Drivers/STM32H7xx_HAL_Driver/Src/stm32h7xx_hal_gpio.o
 .debug_frame   0x000011c4      0xbf0 ./Drivers/STM32H7xx_HAL_Driver/Src/stm32h7xx_hal_i2c.o
 .debug_frame   0x00001db4       0xe8 ./Drivers/STM32H7xx_HAL_Driver/Src/stm32h7xx_hal_i2c_ex.o
 .debug_frame   0x00001e9c      0x5b8 ./Drivers/STM32H7xx_HAL_Driver/Src/stm32h7xx_hal_ltdc.o
 .debug_frame   0x00002454      0x550 ./Drivers/STM32H7xx_HAL_Driver/Src/stm32h7xx_hal_pcd.o
 .debug_frame   0x000029a4      0x154 ./Drivers/STM32H7xx_HAL_Driver/Src/stm32h7xx_hal_pcd_ex.o
 .debug_frame   0x00002af8      0x500 ./Drivers/STM32H7xx_HAL_Driver/Src/stm32h7xx_hal_pwr_ex.o
 .debug_frame   0x00002ff8      0x604 ./Drivers/STM32H7xx_HAL_Driver/Src/stm32h7xx_hal_qspi.o
 .debug_frame   0x000035fc      0x1e4 ./Drivers/STM32H7xx_HAL_Driver/Src/stm32h7xx_hal_rcc.o
 .debug_frame   0x000037e0      0x3d4 ./Drivers/STM32H7xx_HAL_Driver/Src/stm32h7xx_hal_rcc_ex.o
 .debug_frame   0x00003bb4      0x634 ./Drivers/STM32H7xx_HAL_Driver/Src/stm32h7xx_hal_sd.o
 .debug_frame   0x000041e8      0x3c0 ./Drivers/STM32H7xx_HAL_Driver/Src/stm32h7xx_hal_sdram.o
 .debug_frame   0x000045a8     0x1144 ./Drivers/STM32H7xx_HAL_Driver/Src/stm32h7xx_hal_tim.o
 .debug_frame   0x000056ec      0x690 ./Drivers/STM32H7xx_HAL_Driver/Src/stm32h7xx_hal_tim_ex.o
 .debug_frame   0x00005d7c      0xa1c ./Drivers/STM32H7xx_HAL_Driver/Src/stm32h7xx_hal_uart.o
 .debug_frame   0x00006798      0x29c ./Drivers/STM32H7xx_HAL_Driver/Src/stm32h7xx_hal_uart_ex.o
 .debug_frame   0x00006a34      0x328 ./Drivers/STM32H7xx_HAL_Driver/Src/stm32h7xx_ll_fmc.o
 .debug_frame   0x00006d5c      0x7d0 ./Drivers/STM32H7xx_HAL_Driver/Src/stm32h7xx_ll_sdmmc.o
 .debug_frame   0x0000752c      0x68c ./Drivers/STM32H7xx_HAL_Driver/Src/stm32h7xx_ll_usb.o
 .debug_frame   0x00007bb8       0x20 C:/ST/STM32CubeIDE_2.1.1/STM32CubeIDE/plugins/com.st.stm32cube.ide.mcu.externaltools.gnu-tools-for-stm32.14.3.rel1.win32_1.0.100.202602081740/tools/bin/../lib/gcc/arm-none-eabi/14.3.1/../../../../arm-none-eabi/lib/thumb/v7e-m+dp/hard\libc_nano.a(libc_a-memset.o)
 .debug_frame   0x00007bd8       0x2c C:/ST/STM32CubeIDE_2.1.1/STM32CubeIDE/plugins/com.st.stm32cube.ide.mcu.externaltools.gnu-tools-for-stm32.14.3.rel1.win32_1.0.100.202602081740/tools/bin/../lib/gcc/arm-none-eabi/14.3.1/../../../../arm-none-eabi/lib/thumb/v7e-m+dp/hard\libc_nano.a(libc_a-init.o)
 .debug_frame   0x00007c04       0x2c C:/ST/STM32CubeIDE_2.1.1/STM32CubeIDE/plugins/com.st.stm32cube.ide.mcu.externaltools.gnu-tools-for-stm32.14.3.rel1.win32_1.0.100.202602081740/tools/bin/../lib/gcc/arm-none-eabi/14.3.1/thumb/v7e-m+dp/hard\libgcc.a(_aeabi_uldivmod.o)
 .debug_frame   0x00007c30       0x34 C:/ST/STM32CubeIDE_2.1.1/STM32CubeIDE/plugins/com.st.stm32cube.ide.mcu.externaltools.gnu-tools-for-stm32.14.3.rel1.win32_1.0.100.202602081740/tools/bin/../lib/gcc/arm-none-eabi/14.3.1/thumb/v7e-m+dp/hard\libgcc.a(_udivmoddi4.o)

.debug_line_str
                0x00000000       0x5b
 .debug_line_str
                0x00000000       0x5b ./Core/Startup/startup_stm32h743iitx.o
