../Core/Src/stm32h7xx_hal_msp.c:63:6:HAL_DMA2D_MspInit	24	static
../Core/Src/stm32h7xx_hal_msp.c:86:6:HAL_DMA2D_MspDeInit	16	static
../Core/Src/stm32h7xx_hal_msp.c:109:6:HAL_MspInit	16	static
../Core/Src/stm32h7xx_hal_msp.c:131:6:HAL_I2C_MspInit	240	static
../Core/Src/stm32h7xx_hal_msp.c:178:6:HAL_I2C_MspDeInit	16	static
../Core/Src/stm32h7xx_hal_msp.c:209:6:HAL_LTDC_MspInit	264	static
../Core/Src/stm32h7xx_hal_msp.c:355:6:HAL_LTDC_MspDeInit	16	static
../Core/Src/stm32h7xx_hal_msp.c:426:6:HAL_QSPI_MspInit	248	static
../Core/Src/stm32h7xx_hal_msp.c:501:6:HAL_QSPI_MspDeInit	16	static
../Core/Src/stm32h7xx_hal_msp.c:538:6:HAL_SD_MspInit	248	static
../Core/Src/stm32h7xx_hal_msp.c:607:6:HAL_SD_MspDeInit	16	static
../Core/Src/stm32h7xx_hal_msp.c:643:6:HAL_TIM_Base_MspInit	24	static
../Core/Src/stm32h7xx_hal_msp.c:660:6:HAL_TIM_MspPostInit	40	static
../Core/Src/stm32h7xx_hal_msp.c:692:6:HAL_TIM_Base_MspDeInit	16	static
../Core/Src/stm32h7xx_hal_msp.c:714:6:HAL_UART_MspInit	240	static
../Core/Src/stm32h7xx_hal_msp.c:762:6:HAL_UART_MspDeInit	16	static
../Core/Src/stm32h7xx_hal_msp.c:791:6:HAL_PCD_MspInit	240	static
../Core/Src/stm32h7xx_hal_msp.c:842:6:HAL_PCD_MspDeInit	16	static
../Core/Src/stm32h7xx_hal_msp.c:867:13:HAL_FMC_MspInit	232	static
../Core/Src/stm32h7xx_hal_msp.c:977:6:HAL_SDRAM_MspInit	16	static
../Core/Src/stm32h7xx_hal_msp.c:989:13:HAL_FMC_MspDeInit	8	static
../Core/Src/stm32h7xx_hal_msp.c:1062:6:HAL_SDRAM_MspDeInit	16	static
