../Core/Src/stm32h7xx_hal_msp.c:64:6:HAL_MspInit	16	static
../Core/Src/stm32h7xx_hal_msp.c:86:6:HAL_I2C_MspInit	240	static
../Core/Src/stm32h7xx_hal_msp.c:133:6:HAL_I2C_MspDeInit	16	static
../Core/Src/stm32h7xx_hal_msp.c:164:6:HAL_LTDC_MspInit	264	static
../Core/Src/stm32h7xx_hal_msp.c:310:6:HAL_LTDC_MspDeInit	16	static
../Core/Src/stm32h7xx_hal_msp.c:381:6:HAL_QSPI_MspInit	248	static
../Core/Src/stm32h7xx_hal_msp.c:456:6:HAL_QSPI_MspDeInit	16	static
../Core/Src/stm32h7xx_hal_msp.c:493:6:HAL_SD_MspInit	248	static
../Core/Src/stm32h7xx_hal_msp.c:562:6:HAL_SD_MspDeInit	16	static
../Core/Src/stm32h7xx_hal_msp.c:598:6:HAL_TIM_Base_MspInit	24	static
../Core/Src/stm32h7xx_hal_msp.c:615:6:HAL_TIM_MspPostInit	40	static
../Core/Src/stm32h7xx_hal_msp.c:647:6:HAL_TIM_Base_MspDeInit	16	static
../Core/Src/stm32h7xx_hal_msp.c:669:6:HAL_UART_MspInit	240	static
../Core/Src/stm32h7xx_hal_msp.c:717:6:HAL_UART_MspDeInit	16	static
../Core/Src/stm32h7xx_hal_msp.c:746:6:HAL_PCD_MspInit	240	static
../Core/Src/stm32h7xx_hal_msp.c:797:6:HAL_PCD_MspDeInit	16	static
../Core/Src/stm32h7xx_hal_msp.c:822:13:HAL_FMC_MspInit	232	static
../Core/Src/stm32h7xx_hal_msp.c:932:6:HAL_SDRAM_MspInit	16	static
../Core/Src/stm32h7xx_hal_msp.c:944:13:HAL_FMC_MspDeInit	8	static
../Core/Src/stm32h7xx_hal_msp.c:1017:6:HAL_SDRAM_MspDeInit	16	static
