../Drivers/touch/gt911.c:35:20:SDA_HIGH	8	static
../Drivers/touch/gt911.c:38:20:SDA_LOW	8	static
../Drivers/touch/gt911.c:41:20:SCL_HIGH	8	static
../Drivers/touch/gt911.c:44:20:SCL_LOW	8	static
../Drivers/touch/gt911.c:47:20:RST_HIGH	8	static
../Drivers/touch/gt911.c:50:20:RST_LOW	8	static
../Drivers/touch/gt911.c:56:20:INT_LOW	8	static
../Drivers/touch/gt911.c:59:23:SDA_READ	8	static
../Drivers/touch/gt911.c:64:13:SDA_OUTPUT	32	static
../Drivers/touch/gt911.c:73:13:SDA_INPUT	32	static
../Drivers/touch/gt911.c:81:13:INT_OUTPUT	32	static
../Drivers/touch/gt911.c:90:13:INT_INPUT	32	static
../Drivers/touch/gt911.c:102:13:i2c_start	24	static
../Drivers/touch/gt911.c:114:13:i2c_stop	24	static
../Drivers/touch/gt911.c:127:16:i2c_write_byte	48	static
../Drivers/touch/gt911.c:153:16:i2c_read_byte	48	static
../Drivers/touch/gt911.c:185:16:gt911_write_reg	24	static
../Drivers/touch/gt911.c:200:16:gt911_read_reg	32	static
../Drivers/touch/gt911.c:238:6:gt911_init	40	static
../Drivers/touch/gt911.c:281:9:gt911_read_touch	32	static
../Drivers/touch/gt911.c:322:13:gt911_lvgl_read_cb	24	static
../Drivers/touch/gt911.c:348:6:gt911_lvgl_indev_init	16	static
